Archive member included because of file (symbol)

contiki-sky.a(rimeaddr.o)     obj_sky/contiki-sky-main.o (rimeaddr_copy)
contiki-sky.a(nullrdc.o)      obj_sky/contiki-sky-main.o (nullrdc_driver)
contiki-sky.a(mac.o)          contiki-sky.a(nullrdc.o) (mac_call_sent_callback)
contiki-sky.a(framer-802154.o)
                              contiki-sky.a(nullrdc.o) (framer_802154)
contiki-sky.a(csma.o)         obj_sky/contiki-sky-main.o (csma_driver)
contiki-sky.a(process.o)      obj_sky/contiki-sky-main.o (process_init)
contiki-sky.a(autostart.o)    obj_sky/contiki-sky-main.o (autostart_start)
contiki-sky.a(memb.o)         contiki-sky.a(csma.o) (memb_init)
contiki-sky.a(timer.o)        obj_sky/contiki-sky-main.o (timer_set)
contiki-sky.a(list.o)         contiki-sky.a(csma.o) (list_init)
contiki-sky.a(etimer.o)       obj_sky/contiki-sky-main.o (etimer_process)
contiki-sky.a(ctimer.o)       obj_sky/contiki-sky-main.o (ctimer_init)
contiki-sky.a(energest.o)     obj_sky/contiki-sky-main.o (energest_init)
contiki-sky.a(rtimer.o)       obj_sky/contiki-sky-main.o (rtimer_init)
contiki-sky.a(random.o)       obj_sky/contiki-sky-main.o (random_init)
contiki-sky.a(packetbuf.o)    contiki-sky.a(framer-802154.o) (packetbuf_hdrreduce)
contiki-sky.a(queuebuf.o)     obj_sky/contiki-sky-main.o (queuebuf_init)
contiki-sky.a(uip6.o)         obj_sky/static-routing.o (uip_lladdr)
contiki-sky.a(tcpip.o)        obj_sky/contiki-sky-main.o (tcpip_process)
contiki-sky.a(uip-icmp6.o)    contiki-sky.a(uip6.o) (uip_icmp6_echo_request_input)
contiki-sky.a(uip-nd6.o)      contiki-sky.a(uip6.o) (uip_nd6_ns_input)
contiki-sky.a(sicslowpan.o)   obj_sky/contiki-sky-main.o (sicslowpan_driver)
contiki-sky.a(neighbor-info.o)
                              contiki-sky.a(sicslowpan.o) (neighbor_info_packet_sent)
contiki-sky.a(uip-ds6.o)      contiki-sky.a(tcpip.o) (uip_ds6_nbr_add)
contiki-sky.a(er-coap-07-engi)
                              preco.co (coap_rest_implementation)
contiki-sky.a(er-coap-07.o)   contiki-sky.a(er-coap-07-engi) (coap_init_connection)
contiki-sky.a(er-coap-07-tran)
                              contiki-sky.a(er-coap-07-engi) (coap_register_as_transaction_handler)
contiki-sky.a(er-coap-07-obse)
                              contiki-sky.a(er-coap-07-tran) (coap_remove_observer_by_client)
contiki-sky.a(erbium.o)       preco.co (rest_init_engine)
contiki-sky.a(contiki-sky-pla)
                              obj_sky/contiki-sky-main.o (init_platform)
contiki-sky.a(button-sensor.o)
                              contiki-sky.a(contiki-sky-pla) (button_sensor)
contiki-sky.a(ds2411.o)       obj_sky/contiki-sky-main.o (ds2411_init)
contiki-sky.a(xmem.o)         obj_sky/contiki-sky-main.o (xmem_init)
contiki-sky.a(node-id.o)      obj_sky/contiki-sky-main.o (node_id_restore)
contiki-sky.a(sensors.o)      contiki-sky.a(button-sensor.o) (sensors_changed)
contiki-sky.a(cc2420.o)       obj_sky/contiki-sky-main.o (cc2420_set_channel)
contiki-sky.a(cc2420-arch.o)  contiki-sky.a(cc2420.o) (cc2420_arch_init)
contiki-sky.a(uart1.o)        obj_sky/contiki-sky-main.o (uart1_active)
contiki-sky.a(uart1-putchar.o)
                              obj_sky/contiki-sky-main.o (putchar)
contiki-sky.a(msp430.o)       contiki-sky.a(uart1.o) (msp430_add_lpm_req)
contiki-sky.a(clock.o)        contiki-sky.a(timer.o) (clock_time)
contiki-sky.a(leds.o)         obj_sky/contiki-sky-main.o (leds_init)
contiki-sky.a(leds-arch.o)    contiki-sky.a(leds.o) (leds_arch_init)
contiki-sky.a(watchdog.o)     obj_sky/contiki-sky-main.o (watchdog_start)
contiki-sky.a(rtimer-arch.o)  contiki-sky.a(rtimer.o) (rtimer_arch_init)
contiki-sky.a(rimestats.o)    contiki-sky.a(cc2420.o) (rimestats)
contiki-sky.a(frame802154.o)  contiki-sky.a(framer-802154.o) (frame802154_hdrlen)
contiki-sky.a(rpl.o)          contiki-sky.a(uip-ds6.o) (rpl_ipv6_neighbor_callback)
contiki-sky.a(rpl-dag.o)      contiki-sky.a(rpl.o) (instance_table)
contiki-sky.a(rpl-icmp6.o)    contiki-sky.a(rpl-dag.o) (dao_output)
contiki-sky.a(rpl-timers.o)   contiki-sky.a(rpl.o) (rpl_reset_periodic_timer)
contiki-sky.a(rpl-of-etx.o)   contiki-sky.a(rpl-dag.o) (rpl_of_etx)
contiki-sky.a(rpl-ext-header.)
                              contiki-sky.a(uip6.o) (rpl_verify_header)
contiki-sky.a(stimer.o)       contiki-sky.a(tcpip.o) (stimer_set)
contiki-sky.a(uip-udp-packet.)
                              contiki-sky.a(er-coap-07.o) (uip_udp_packet_send)
contiki-sky.a(neighbor-attr.o)
                              contiki-sky.a(neighbor-info.o) (neighbor_attr_register)
contiki-sky.a(spi.o)          contiki-sky.a(xmem.o) (spi_init)
/usr/lib/gcc/msp430/4.5.3/mmpy-16/libgcc.a(_mulsi3.o)
                              contiki-sky.a(csma.o) (__mulsi3)
/usr/lib/gcc/msp430/4.5.3/mmpy-16/libgcc.a(_udivmodhi4.o)
                              contiki-sky.a(neighbor-info.o) (__udivmodhi4)
/usr/lib/gcc/msp430/4.5.3/mmpy-16/libgcc.a(_divmodhi4.o)
                              contiki-sky.a(er-coap-07.o) (__divmodhi4)
[...]
Memory Configuration

Name             Origin             Length             Attributes
sfr              0x00000000         0x00000010
peripheral_8bit  0x00000010         0x000000f0
peripheral_16bit 0x00000100         0x00000100
infomem          0x00001000         0x00000100
infob            0x00001000         0x00000080
infoa            0x00001080         0x00000080
ram              0x00001100         0x00002800         xw
rom              0x00004000         0x0000bfe0         xr
vectors          0x0000ffe0         0x00000020
bsl              0x00000000         0x00000000
infoc            0x00000000         0x00000000
infod            0x00000000         0x00000000
far_rom          0x00000000         0x00000000
*default*        0x00000000         0xffffffff

Linker script and memory map

LOAD /usr/lib/gcc/msp430/4.5.3/mmpy-16/crt0ivtbl16.o
LOAD preco.co
LOAD obj_sky/static-routing.o
LOAD obj_sky/contiki-sky-main.o
LOAD contiki-sky.a
LOAD /usr/lib/gcc/msp430/4.5.3/mmpy-16/libgcc.a
LOAD /usr/lib/gcc/msp430/4.5.3/../../../../msp430/lib/mmpy-16/libc.a
LOAD /usr/lib/gcc/msp430/4.5.3/mmpy-16/libgcc.a
LOAD /usr/lib/gcc/msp430/4.5.3/mmpy-16/libcrt0.a
                0x00000000                __IE1 = 0x0
                0x00000002                __IFG1 = 0x2
                0x00000004                __ME1 = 0x4
                0x00000001                __IE2 = 0x1
                0x00000003                __IFG2 = 0x3
                0x00000005                __ME2 = 0x5
                0x00000120                __WDTCTL = 0x120
                0x00000130                __MPY = 0x130
                0x00000132                __MPYS = 0x132
                0x00000134                __MAC = 0x134
                0x00000136                __MACS = 0x136
                0x00000138                __OP2 = 0x138
                0x0000013a                __RESLO = 0x13a
                0x0000013c                __RESHI = 0x13c
                0x0000013e                __SUMEXT = 0x13e
                0x00000020                __P1IN = 0x20
                0x00000021                __P1OUT = 0x21
                0x00000022                __P1DIR = 0x22
                0x00000023                __P1IFG = 0x23
                0x00000024                __P1IES = 0x24
                0x00000025                __P1IE = 0x25
                0x00000026                __P1SEL = 0x26
                0x00000028                __P2IN = 0x28
                0x00000029                __P2OUT = 0x29
                0x0000002a                __P2DIR = 0x2a
                0x0000002b                __P2IFG = 0x2b
                0x0000002c                __P2IES = 0x2c
                0x0000002d                __P2IE = 0x2d
                0x0000002e                __P2SEL = 0x2e
                0x00000018                __P3IN = 0x18
                0x00000019                __P3OUT = 0x19
                0x0000001a                __P3DIR = 0x1a
                0x0000001b                __P3SEL = 0x1b
                0x0000001c                __P4IN = 0x1c
                0x0000001d                __P4OUT = 0x1d
                0x0000001e                __P4DIR = 0x1e
                0x0000001f                __P4SEL = 0x1f
                0x00000030                __P5IN = 0x30
                0x00000031                __P5OUT = 0x31
                0x00000032                __P5DIR = 0x32
                0x00000033                __P5SEL = 0x33
                0x00000034                __P6IN = 0x34
                0x00000035                __P6OUT = 0x35
                0x00000036                __P6DIR = 0x36
                0x00000037                __P6SEL = 0x37
                0x00000070                __U0CTL = 0x70
                0x00000071                __U0TCTL = 0x71
                0x00000072                __U0RCTL = 0x72
                0x00000073                __U0MCTL = 0x73
                0x00000074                __U0BR0 = 0x74
                0x00000075                __U0BR1 = 0x75
                0x00000076                __U0RXBUF = 0x76
                0x00000077                __U0TXBUF = 0x77
                0x00000078                __U1CTL = 0x78
                0x00000079                __U1TCTL = 0x79
                0x0000007a                __U1RCTL = 0x7a
                0x0000007b                __U1MCTL = 0x7b
                0x0000007c                __U1BR0 = 0x7c
                0x0000007d                __U1BR1 = 0x7d
                0x0000007e                __U1RXBUF = 0x7e
                0x0000007f                __U1TXBUF = 0x7f
                0x00000050                __I2CIE = 0x50
                0x00000051                __I2CIFG = 0x51
                0x00000052                __I2CNDAT = 0x52
                0x00000071                __I2CTCTL = 0x71
                0x00000072                __I2CDCTL = 0x72
                0x00000073                __I2CPSC = 0x73
                0x00000074                __I2CSCLH = 0x74
                0x00000075                __I2CSCLL = 0x75
                0x00000076                __I2CDRB = 0x76
                0x00000076                __I2CDRW = 0x76
                0x00000118                __I2COA = 0x118
                0x0000011a                __I2CSA = 0x11a
                0x0000011c                __I2CIV = 0x11c
                0x0000012e                __TAIV = 0x12e
                0x00000160                __TACTL = 0x160
                0x00000162                __TACCTL0 = 0x162
                0x00000164                __TACCTL1 = 0x164
                0x00000166                __TACCTL2 = 0x166
                0x00000170                __TAR = 0x170
                0x00000172                __TACCR0 = 0x172
                0x00000174                __TACCR1 = 0x174
                0x00000176                __TACCR2 = 0x176
                0x0000011e                __TBIV = 0x11e
                0x00000180                __TBCTL = 0x180
                0x00000182                __TBCCTL0 = 0x182
                0x00000184                __TBCCTL1 = 0x184
                0x00000186                __TBCCTL2 = 0x186
                0x00000188                __TBCCTL3 = 0x188
                0x0000018a                __TBCCTL4 = 0x18a
                0x0000018c                __TBCCTL5 = 0x18c
                0x0000018e                __TBCCTL6 = 0x18e
                0x00000190                __TBR = 0x190
                0x00000192                __TBCCR0 = 0x192
                0x00000194                __TBCCR1 = 0x194
                0x00000196                __TBCCR2 = 0x196
                0x00000198                __TBCCR3 = 0x198
                0x0000019a                __TBCCR4 = 0x19a
                0x0000019c                __TBCCR5 = 0x19c
                0x0000019e                __TBCCR6 = 0x19e
                0x00000056                __DCOCTL = 0x56
                0x00000057                __BCSCTL1 = 0x57
                0x00000058                __BCSCTL2 = 0x58
                0x00000055                __SVSCTL = 0x55
                0x00000128                __FCTL1 = 0x128
                0x0000012a                __FCTL2 = 0x12a
                0x0000012c                __FCTL3 = 0x12c
                0x00000059                __CACTL1 = 0x59
                0x0000005a                __CACTL2 = 0x5a
                0x0000005b                __CAPD = 0x5b
                0x000001a0                __ADC12CTL0 = 0x1a0
                0x000001a2                __ADC12CTL1 = 0x1a2
                0x000001a4                __ADC12IFG = 0x1a4
                0x000001a6                __ADC12IE = 0x1a6
                0x000001a8                __ADC12IV = 0x1a8
                0x00000140                __ADC12MEM0 = 0x140
                0x00000142                __ADC12MEM1 = 0x142
                0x00000144                __ADC12MEM2 = 0x144
                0x00000146                __ADC12MEM3 = 0x146
                0x00000148                __ADC12MEM4 = 0x148
                0x0000014a                __ADC12MEM5 = 0x14a
                0x0000014c                __ADC12MEM6 = 0x14c
                0x0000014e                __ADC12MEM7 = 0x14e
                0x00000150                __ADC12MEM8 = 0x150
                0x00000152                __ADC12MEM9 = 0x152
                0x00000154                __ADC12MEM10 = 0x154
                0x00000156                __ADC12MEM11 = 0x156
                0x00000158                __ADC12MEM12 = 0x158
                0x0000015a                __ADC12MEM13 = 0x15a
                0x0000015c                __ADC12MEM14 = 0x15c
                0x0000015e                __ADC12MEM15 = 0x15e
                0x00000080                __ADC12MCTL0 = 0x80
                0x00000081                __ADC12MCTL1 = 0x81
                0x00000082                __ADC12MCTL2 = 0x82
                0x00000083                __ADC12MCTL3 = 0x83
                0x00000084                __ADC12MCTL4 = 0x84
                0x00000085                __ADC12MCTL5 = 0x85
                0x00000086                __ADC12MCTL6 = 0x86
                0x00000087                __ADC12MCTL7 = 0x87
                0x00000088                __ADC12MCTL8 = 0x88
                0x00000089                __ADC12MCTL9 = 0x89
                0x0000008a                __ADC12MCTL10 = 0x8a
                0x0000008b                __ADC12MCTL11 = 0x8b
                0x0000008c                __ADC12MCTL12 = 0x8c
                0x0000008d                __ADC12MCTL13 = 0x8d
                0x0000008e                __ADC12MCTL14 = 0x8e
                0x0000008f                __ADC12MCTL15 = 0x8f
                0x000001c0                __DAC12_0CTL = 0x1c0
                0x000001c2                __DAC12_1CTL = 0x1c2
                0x000001c8                __DAC12_0DAT = 0x1c8
                0x000001ca                __DAC12_1DAT = 0x1ca
                0x00000122                __DMACTL0 = 0x122
                0x00000124                __DMACTL1 = 0x124
                0x000001e0                __DMA0CTL = 0x1e0
                0x000001e8                __DMA1CTL = 0x1e8
                0x000001f0                __DMA2CTL = 0x1f0
                0x000001e2                __DMA0SA = 0x1e2
                0x000001e4                __DMA0DA = 0x1e4
                0x000001e6                __DMA0SZ = 0x1e6
                0x000001ea                __DMA1SA = 0x1ea
                0x000001ec                __DMA1DA = 0x1ec
                0x000001ee                __DMA1SZ = 0x1ee
                0x000001f2                __DMA2SA = 0x1f2
                0x000001f4                __DMA2DA = 0x1f4
                0x000001f6                __DMA2SZ = 0x1f6

.hash
 *(.hash)

.dynsym
 *(.dynsym)

.dynstr
 *(.dynstr)

.gnu.version
 *(.gnu.version)

.gnu.version_d
 *(.gnu.version_d)

.gnu.version_r
 *(.gnu.version_r)

.rel.init
 *(.rel.init)

.rela.init
 *(.rela.init)

.rel.text
 *(.rel.text)
 *(.rel.text.*)
 *(.rel.gnu.linkonce.t*)

.rela.text
 *(.rela.text)
 *(.rela.text.*)
 *(.rela.gnu.linkonce.t*)

.rel.fini
 *(.rel.fini)

.rela.fini
 *(.rela.fini)

.rel.rodata
 *(.rel.rodata)
 *(.rel.rodata.*)
 *(.rel.gnu.linkonce.r*)

.rela.rodata
 *(.rela.rodata)
 *(.rela.rodata.*)
 *(.rela.gnu.linkonce.r*)

.rel.data
 *(.rel.data)
 *(.rel.data.*)
 *(.rel.gnu.linkonce.d*)

.rela.data
 *(.rela.data)
 *(.rela.data.*)
 *(.rela.gnu.linkonce.d*)

.rel.ctors
 *(.rel.ctors)

.rela.ctors
 *(.rela.ctors)

.rel.dtors
 *(.rel.dtors)

.rela.dtors
 *(.rela.dtors)

.rel.got
 *(.rel.got)

.rela.got
 *(.rela.got)

.rel.bss
 *(.rel.bss)

.rela.bss
 *(.rela.bss)

.rel.plt
 *(.rel.plt)

.rela.plt
 *(.rela.plt)

.text           0x00004000     0xbe1e
                0x00004000                . = ALIGN (0x2)
 *(.init)
 *(.init0)
 .init0         0x00004000        0x0 /usr/lib/gcc/msp430/4.5.3/mmpy-16/libcrt0.a(_reset_vector__.o)
                0x00004000                _reset_vector__
 *(.init1)
 *(.init2)
 .init2         0x00004000        0x4 /usr/lib/gcc/msp430/4.5.3/mmpy-16/libcrt0.a(__init_stack.o)
                0x00004000                __init_stack
 *(.init3)
 .init3         0x00004004        0xa /usr/lib/gcc/msp430/4.5.3/mmpy-16/libcrt0.a(__low_level_init.o)
                0x00004004                __low_level_init
 *(.init4)
 .init4         0x0000400e       0x16 /usr/lib/gcc/msp430/4.5.3/mmpy-16/libcrt0.a(_copy_data.o)
                0x0000400e                __do_copy_data
 .init4         0x00004024       0x14 /usr/lib/gcc/msp430/4.5.3/mmpy-16/libcrt0.a(_clear_bss.o)
                0x00004024                __do_clear_bss
 *(.init5)
 *(.init6)
 *(.init7)
 *(.init8)
 *(.init9)
 .init9         0x00004038      0x368 obj_sky/contiki-sky-main.o
                0x00004038                main
 *(.fini9)
 .fini9         0x000043a0        0x0 /usr/lib/gcc/msp430/4.5.3/mmpy-16/libcrt0.a(__stop_progExec__.o)
                0x000043a0                __stop_progExec__
 *(.fini8)
 *(.fini7)
 *(.fini6)
 *(.fini5)
 *(.fini4)
 *(.fini3)
 *(.fini2)
 *(.fini1)
 *(.fini0)
 .fini0         0x000043a0        0x6 /usr/lib/gcc/msp430/4.5.3/mmpy-16/libcrt0.a(_endless_loop__.o)
                0x000043a0                _endless_loop__
 *(.fini)
                0x000043a6                . = ALIGN (0x2)
                0x000043a6                __ctors_start = .
 *(.ctors)
                0x000043a6                __ctors_end = .
                0x000043a6                __dtors_start = .
 *(.dtors)
                0x000043a6                __dtors_end = .
                0x000043a6                . = ALIGN (0x2)
 *(.text)
 .text          0x000043a6        0x4 /usr/lib/gcc/msp430/4.5.3/mmpy-16/crt0ivtbl16.o
                0x000043a6                __isr_14
                0x000043a6                __isr_11
                0x000043a6                __isr_2
                0x000043a6                __isr_7
                0x000043a6                __isr_0
                0x000043a6                __isr_8
                0x000043a6                __isr_3
                0x000043a6                __isr_12
                0x000043a6                __isr_13
                0x000043a6                __isr_9
 .text          0x000043aa      0x838 preco.co
                0x00004bde                autostart_processes
 .text          0x00004be2      0x10b obj_sky/contiki-sky-main.o
 *fill*         0x00004ced        0x1 00
 .text          0x00004cee        0x8 contiki-sky.a(rimeaddr.o)
                0x00004cee                rimeaddr_null
 .text          0x00004cf6       0x18 contiki-sky.a(nullrdc.o)
                0x00004cfe                nullrdc_driver
 .text          0x00004d0e        0x4 contiki-sky.a(framer-802154.o)
                0x00004d0e                framer_802154
 .text          0x00004d12       0x14 contiki-sky.a(csma.o)
                0x00004d18                csma_driver
 .text          0x00004d26        0xc contiki-sky.a(etimer.o)
 .text          0x00004d32        0xf contiki-sky.a(ctimer.o)
 .text          0x00004d41        0xd contiki-sky.a(tcpip.o)
 .text          0x00004d4e       0x24 contiki-sky.a(sicslowpan.o)
                0x00004d4e                unc_llconf
                0x00004d52                unc_ctxconf
                0x00004d56                unc_mxconf
                0x00004d5a                llprefix
                0x00004d68                sicslowpan_driver
 .text          0x00004d72      0x100 contiki-sky.a(er-coap-07-engi)
                0x00004dec                coap_rest_implementation
 .text          0x00004e72       0xb6 contiki-sky.a(er-coap-07.o)
 .text          0x00004f28       0x1d contiki-sky.a(er-coap-07-obse)
 .text          0x00004f45        0xd contiki-sky.a(erbium.o)
 .text          0x00004f52       0x10 contiki-sky.a(button-sensor.o)
                0x00004f5a                button_sensor
 .text          0x00004f62        0x8 contiki-sky.a(sensors.o)
 .text          0x00004f6a       0x22 contiki-sky.a(cc2420.o)
                0x00004f78                cc2420_driver
 .text          0x00004f8c        0x2 contiki-sky.a(frame802154.o)
 .text          0x00004f8e       0x12 /usr/lib/gcc/msp430/4.5.3/../../../../msp430/lib/mmpy-16/libc.a(strchr.o)
                0x00004f8e                strchr
 .text          0x00004fa0       0x1c /usr/lib/gcc/msp430/4.5.3/../../../../msp430/lib/mmpy-16/libc.a(memchr.o)
                0x00004fa0                memchr
 .text          0x00004fbc       0x30 /usr/lib/gcc/msp430/4.5.3/../../../../msp430/lib/mmpy-16/libc.a(strncmp.o)
                0x00004fbc                strncmp
 .text          0x00004fec       0x34 /usr/lib/gcc/msp430/4.5.3/../../../../msp430/lib/mmpy-16/libc.a(memcmp.o)
                0x00004fec                memcmp
 .text          0x00005020      0x104 /usr/lib/gcc/msp430/4.5.3/../../../../msp430/lib/mmpy-16/libc.a(memcpy.o)
                0x00005020                memcpy
 .text          0x00005124      0x104 /usr/lib/gcc/msp430/4.5.3/../../../../msp430/lib/mmpy-16/libc.a(memmove.o)
                0x00005124                memmove
 .text          0x00005228       0x66 /usr/lib/gcc/msp430/4.5.3/../../../../msp430/lib/mmpy-16/libc.a(memset.o)
                0x00005228                memset
 .text          0x0000528e       0x56 /usr/lib/gcc/msp430/4.5.3/../../../../msp430/lib/mmpy-16/libc.a(strstr.o)
                0x0000528e                strstr
 .text          0x000052e4       0x1c /usr/lib/gcc/msp430/4.5.3/../../../../msp430/lib/mmpy-16/libc.a(strcat.o)
                0x000052e4                strcat
 .text          0x00005300       0x8a /usr/lib/gcc/msp430/4.5.3/../../../../msp430/lib/mmpy-16/libc.a(atoi.o)
                0x00005300                atoi
 .text          0x0000538a       0x20 /usr/lib/gcc/msp430/4.5.3/../../../../msp430/lib/mmpy-16/libc.a(printf.o)
                0x0000538a                printf
                0x0000539c                vprintf
 .text          0x000053aa       0xbc /usr/lib/gcc/msp430/4.5.3/../../../../msp430/lib/mmpy-16/libc.a(sprintf.o)
                0x00005408                sprintf
                0x00005424                snprintf
                0x0000543e                vsprintf
                0x00005454                vsnprintf
 .text          0x00005466      0x476 /usr/lib/gcc/msp430/4.5.3/../../../../msp430/lib/mmpy-16/libc.a(vuprintf.o)
                0x00005572                vuprintf
 .text          0x000058dc       0x2c /usr/lib/gcc/msp430/4.5.3/../../../../msp430/lib/mmpy-16/libc.a(puts.o)
                0x000058dc                puts
 .text          0x00005908      0x134 /usr/lib/gcc/msp430/4.5.3/../../../../msp430/lib/mmpy-16/libc.a(rand.o)
                0x00005908                rand_r
                0x0000599c                rand
                0x00005a32                srand
                0x00005a3c                . = ALIGN (0x2)
 *(.text.*)
 .text.process_thread_preco
                0x00005a3c       0x54 preco.co
 .text.compra_handler
                0x00005a90       0x7a preco.co
                0x00005a90                compra_handler
 .text.discovery_mercado_handler
                0x00005b0a      0x41c preco.co
                0x00005b0a                discovery_mercado_handler
 .text.montaResposta
                0x00005f26       0xaa preco.co
                0x00005f26                montaResposta
 .text.discovery_handler
                0x00005fd0       0xa8 preco.co
                0x00005fd0                discovery_handler
 .text.rimeaddr_copy
                0x00006078       0x1a contiki-sky.a(rimeaddr.o)
                0x00006078                rimeaddr_copy
 .text.rimeaddr_cmp
                0x00006092       0x22 contiki-sky.a(rimeaddr.o)
                0x00006092                rimeaddr_cmp
 .text.rimeaddr_set_node_addr
                0x000060b4       0x12 contiki-sky.a(rimeaddr.o)
                0x000060b4                rimeaddr_set_node_addr
 .text.on       0x000060c6        0x6 contiki-sky.a(nullrdc.o)
 .text.off      0x000060cc       0x10 contiki-sky.a(nullrdc.o)
 .text.channel_check_interval
                0x000060dc        0x4 contiki-sky.a(nullrdc.o)
 .text.init     0x000060e0        0x6 contiki-sky.a(nullrdc.o)
 .text.packet_input
                0x000060e6       0x34 contiki-sky.a(nullrdc.o)
 .text.send_packet
                0x0000611a       0x62 contiki-sky.a(nullrdc.o)
 .text.send_list
                0x0000617c       0x24 contiki-sky.a(nullrdc.o)
 .text.mac_call_sent_callback
                0x000061a0       0x14 contiki-sky.a(mac.o)
                0x000061a0                mac_call_sent_callback
 .text.parse    0x000061b4       0xa8 contiki-sky.a(framer-802154.o)
 .text.create   0x0000625c      0x112 contiki-sky.a(framer-802154.o)
 .text.input_packet
                0x0000636e        0x6 contiki-sky.a(csma.o)
 .text.on       0x00006374        0x6 contiki-sky.a(csma.o)
 .text.off      0x0000637a        0x6 contiki-sky.a(csma.o)
 .text.channel_check_interval
                0x00006380        0xc contiki-sky.a(csma.o)
 .text.transmit_packet_list
                0x0000638c       0x24 contiki-sky.a(csma.o)
 .text.send_packet
                0x000063b0      0x174 contiki-sky.a(csma.o)
 .text.free_first_packet
                0x00006524       0x9c contiki-sky.a(csma.o)
 .text.packet_sent
                0x000065c0      0x100 contiki-sky.a(csma.o)
 .text.init     0x000066c0       0x1a contiki-sky.a(csma.o)
 .text.call_process
                0x000066da       0x4c contiki-sky.a(process.o)
 .text.exit_process
                0x00006726       0x94 contiki-sky.a(process.o)
 .text.do_poll  0x000067ba       0x30 contiki-sky.a(process.o)
 .text.process_alloc_event
                0x000067ea        0xe contiki-sky.a(process.o)
                0x000067ea                process_alloc_event
 .text.process_init
                0x000067f8       0x1c contiki-sky.a(process.o)
                0x000067f8                process_init
 .text.process_run
                0x00006814       0x9c contiki-sky.a(process.o)
                0x00006814                process_run
 .text.process_nevents
                0x000068b0        0xc contiki-sky.a(process.o)
                0x000068b0                process_nevents
 .text.process_post
                0x000068bc       0x54 contiki-sky.a(process.o)
                0x000068bc                process_post
 .text.process_post_synch
                0x00006910       0x12 contiki-sky.a(process.o)
                0x00006910                process_post_synch
 .text.process_start
                0x00006922       0x32 contiki-sky.a(process.o)
                0x00006922                process_start
 .text.process_poll
                0x00006954       0x1a contiki-sky.a(process.o)
                0x00006954                process_poll
 .text.autostart_start
                0x0000696e       0x18 contiki-sky.a(autostart.o)
                0x0000696e                autostart_start
 .text.memb_init
                0x00006986       0x36 contiki-sky.a(memb.o)
                0x00006986                memb_init
 .text.memb_alloc
                0x000069bc       0x3e contiki-sky.a(memb.o)
                0x000069bc                memb_alloc
 .text.memb_free
                0x000069fa       0x3a contiki-sky.a(memb.o)
                0x000069fa                memb_free
 .text.memb_inmemb
                0x00006a34       0x2e contiki-sky.a(memb.o)
                0x00006a34                memb_inmemb
 .text.timer_set
                0x00006a62       0x1c contiki-sky.a(timer.o)
                0x00006a62                timer_set
 .text.timer_reset
                0x00006a7e        0xe contiki-sky.a(timer.o)
                0x00006a7e                timer_reset
 .text.timer_restart
                0x00006a8c       0x14 contiki-sky.a(timer.o)
                0x00006a8c                timer_restart
 .text.timer_expired
                0x00006aa0       0x2e contiki-sky.a(timer.o)
                0x00006aa0                timer_expired
 .text.list_init
                0x00006ace        0x6 contiki-sky.a(list.o)
                0x00006ace                list_init
 .text.list_head
                0x00006ad4        0x4 contiki-sky.a(list.o)
                0x00006ad4                list_head
 .text.list_tail
                0x00006ad8       0x14 contiki-sky.a(list.o)
                0x00006ad8                list_tail
 .text.list_pop
                0x00006aec        0xe contiki-sky.a(list.o)
                0x00006aec                list_pop
 .text.list_remove
                0x00006afa       0x2e contiki-sky.a(list.o)
                0x00006afa                list_remove
 .text.list_push
                0x00006b28       0x1a contiki-sky.a(list.o)
                0x00006b28                list_push
 .text.list_add
                0x00006b42       0x2a contiki-sky.a(list.o)
                0x00006b42                list_add
 .text.list_length
                0x00006b6c       0x10 contiki-sky.a(list.o)
                0x00006b6c                list_length
 .text.list_item_next
                0x00006b7c        0x8 contiki-sky.a(list.o)
                0x00006b7c                list_item_next
 .text.update_time
                0x00006b84       0x78 contiki-sky.a(etimer.o)
 .text.etimer_request_poll
                0x00006bfc        0xa contiki-sky.a(etimer.o)
                0x00006bfc                etimer_request_poll
 .text.process_thread_etimer_process
                0x00006c06       0xce contiki-sky.a(etimer.o)
 .text.add_timer
                0x00006cd4       0x38 contiki-sky.a(etimer.o)
 .text.etimer_set
                0x00006d0c       0x12 contiki-sky.a(etimer.o)
                0x00006d0c                etimer_set
 .text.etimer_reset
                0x00006d1e       0x12 contiki-sky.a(etimer.o)
                0x00006d1e                etimer_reset
 .text.etimer_restart
                0x00006d30       0x12 contiki-sky.a(etimer.o)
                0x00006d30                etimer_restart
 .text.etimer_expired
                0x00006d42        0xe contiki-sky.a(etimer.o)
                0x00006d42                etimer_expired
 .text.etimer_expiration_time
                0x00006d50       0x14 contiki-sky.a(etimer.o)
                0x00006d50                etimer_expiration_time
 .text.etimer_pending
                0x00006d64        0xe contiki-sky.a(etimer.o)
                0x00006d64                etimer_pending
 .text.etimer_next_expiration_time
                0x00006d72       0x16 contiki-sky.a(etimer.o)
                0x00006d72                etimer_next_expiration_time
 .text.etimer_stop
                0x00006d88       0x3c contiki-sky.a(etimer.o)
                0x00006d88                etimer_stop
 .text.process_thread_ctimer_process
                0x00006dc4       0xa4 contiki-sky.a(ctimer.o)
 .text.ctimer_init
                0x00006e68       0x18 contiki-sky.a(ctimer.o)
                0x00006e68                ctimer_init
 .text.ctimer_set
                0x00006e80       0x5a contiki-sky.a(ctimer.o)
                0x00006e80                ctimer_set
 .text.ctimer_reset
                0x00006eda       0x3a contiki-sky.a(ctimer.o)
                0x00006eda                ctimer_reset
 .text.ctimer_stop
                0x00006f14       0x28 contiki-sky.a(ctimer.o)
                0x00006f14                ctimer_stop
 .text.energest_init
                0x00006f3c       0x2a contiki-sky.a(energest.o)
                0x00006f3c                energest_init
 .text.energest_type_time
                0x00006f66       0x44 contiki-sky.a(energest.o)
                0x00006f66                energest_type_time
 .text.energest_type_set
                0x00006faa        0xe contiki-sky.a(energest.o)
                0x00006faa                energest_type_set
 .text.energest_flush
                0x00006fb8       0x4a contiki-sky.a(energest.o)
                0x00006fb8                energest_flush
 .text.rtimer_init
                0x00007002        0x6 contiki-sky.a(rtimer.o)
                0x00007002                rtimer_init
 .text.rtimer_run_next
                0x00007008       0x26 contiki-sky.a(rtimer.o)
                0x00007008                rtimer_run_next
 .text.random_init
                0x0000702e        0x6 contiki-sky.a(random.o)
                0x0000702e                random_init
 .text.random_rand
                0x00007034        0x6 contiki-sky.a(random.o)
                0x00007034                random_rand
 .text.packetbuf_copyto_hdr
                0x0000703a       0x1c contiki-sky.a(packetbuf.o)
                0x0000703a                packetbuf_copyto_hdr
 .text.packetbuf_copyto
                0x00007056       0x52 contiki-sky.a(packetbuf.o)
                0x00007056                packetbuf_copyto
 .text.packetbuf_hdrreduce
                0x000070a8       0x1a contiki-sky.a(packetbuf.o)
                0x000070a8                packetbuf_hdrreduce
 .text.packetbuf_set_datalen
                0x000070c2        0x6 contiki-sky.a(packetbuf.o)
                0x000070c2                packetbuf_set_datalen
 .text.packetbuf_dataptr
                0x000070c8        0xa contiki-sky.a(packetbuf.o)
                0x000070c8                packetbuf_dataptr
 .text.packetbuf_hdrptr
                0x000070d2        0xa contiki-sky.a(packetbuf.o)
                0x000070d2                packetbuf_hdrptr
 .text.packetbuf_is_reference
                0x000070dc        0xe contiki-sky.a(packetbuf.o)
                0x000070dc                packetbuf_is_reference
 .text.packetbuf_reference_ptr
                0x000070ea        0x6 contiki-sky.a(packetbuf.o)
                0x000070ea                packetbuf_reference_ptr
 .text.packetbuf_datalen
                0x000070f0        0x6 contiki-sky.a(packetbuf.o)
                0x000070f0                packetbuf_datalen
 .text.packetbuf_totlen
                0x000070f6       0x10 contiki-sky.a(packetbuf.o)
                0x000070f6                packetbuf_totlen
 .text.packetbuf_hdralloc
                0x00007106       0x2e contiki-sky.a(packetbuf.o)
                0x00007106                packetbuf_hdralloc
 .text.packetbuf_attr_clear
                0x00007134       0x32 contiki-sky.a(packetbuf.o)
                0x00007134                packetbuf_attr_clear
 .text.packetbuf_clear
                0x00007166       0x20 contiki-sky.a(packetbuf.o)
                0x00007166                packetbuf_clear
 .text.packetbuf_copyfrom
                0x00007186       0x2e contiki-sky.a(packetbuf.o)
                0x00007186                packetbuf_copyfrom
 .text.packetbuf_attr_copyto
                0x000071b4       0x22 contiki-sky.a(packetbuf.o)
                0x000071b4                packetbuf_attr_copyto
 .text.packetbuf_attr_copyfrom
                0x000071d6       0x24 contiki-sky.a(packetbuf.o)
                0x000071d6                packetbuf_attr_copyfrom
 .text.queuebuf_init
                0x000071fa       0x1a contiki-sky.a(queuebuf.o)
                0x000071fa                queuebuf_init
 .text.queuebuf_new_from_packetbuf
                0x00007214       0x80 contiki-sky.a(queuebuf.o)
                0x00007214                queuebuf_new_from_packetbuf
 .text.queuebuf_update_attr_from_packetbuf
                0x00007294       0x12 contiki-sky.a(queuebuf.o)
                0x00007294                queuebuf_update_attr_from_packetbuf
 .text.queuebuf_free
                0x000072a6       0x46 contiki-sky.a(queuebuf.o)
                0x000072a6                queuebuf_free
 .text.queuebuf_to_packetbuf
                0x000072ec       0x70 contiki-sky.a(queuebuf.o)
                0x000072ec                queuebuf_to_packetbuf
 .text.chksum   0x0000735c       0x34 contiki-sky.a(uip6.o)
 .text.upper_layer_chksum
                0x00007390       0x54 contiki-sky.a(uip6.o)
 .text.ext_hdr_options_process
                0x000073e4       0xe0 contiki-sky.a(uip6.o)
 .text.uip_icmp6chksum
                0x000074c4        0xa contiki-sky.a(uip6.o)
                0x000074c4                uip_icmp6chksum
 .text.uip_udpchksum
                0x000074ce        0xa contiki-sky.a(uip6.o)
                0x000074ce                uip_udpchksum
 .text.uip_init
                0x000074d8       0x32 contiki-sky.a(uip6.o)
                0x000074d8                uip_init
 .text.remove_ext_hdr
                0x0000750a       0x44 contiki-sky.a(uip6.o)
                0x0000750a                remove_ext_hdr
 .text.uip_udp_new
                0x0000754e       0xee contiki-sky.a(uip6.o)
                0x0000754e                uip_udp_new
 .text.uip_process
                0x0000763c      0x4fc contiki-sky.a(uip6.o)
                0x0000763c                uip_process
 .text.uip_htonl
                0x00007b38       0x3e contiki-sky.a(uip6.o)
                0x00007b38                uip_htonl
 .text.tcpip_output
                0x00007b76       0x10 contiki-sky.a(tcpip.o)
                0x00007b76                tcpip_output
 .text.tcpip_set_outputfunc
                0x00007b86        0x6 contiki-sky.a(tcpip.o)
                0x00007b86                tcpip_set_outputfunc
 .text.udp_new  0x00007b8c       0x1a contiki-sky.a(tcpip.o)
                0x00007b8c                udp_new
 .text.tcpip_input
                0x00007ba6       0x16 contiki-sky.a(tcpip.o)
                0x00007ba6                tcpip_input
 .text.tcpip_ipv6_output
                0x00007bbc      0x144 contiki-sky.a(tcpip.o)
                0x00007bbc                tcpip_ipv6_output
 .text.process_thread_tcpip_process
                0x00007d00       0xf8 contiki-sky.a(tcpip.o)
 .text.tcpip_uipcall
                0x00007df8       0x2c contiki-sky.a(tcpip.o)
                0x00007df8                tcpip_uipcall
 .text.uip_icmp6_echo_request_input
                0x00007e24      0x122 contiki-sky.a(uip-icmp6.o)
                0x00007e24                uip_icmp6_echo_request_input
 .text.uip_icmp6_error_output
                0x00007f46      0x16a contiki-sky.a(uip-icmp6.o)
                0x00007f46                uip_icmp6_error_output
 .text.uip_icmp6_send
                0x000080b0       0x94 contiki-sky.a(uip-icmp6.o)
                0x000080b0                uip_icmp6_send
 .text.create_llao
                0x00008144       0x2c contiki-sky.a(uip-nd6.o)
 .text.uip_nd6_ns_input
                0x00008170      0x230 contiki-sky.a(uip-nd6.o)
                0x00008170                uip_nd6_ns_input
 .text.uip_nd6_ns_output
                0x000083a0      0x16c contiki-sky.a(uip-nd6.o)
                0x000083a0                uip_nd6_ns_output
 .text.uip_nd6_na_input
                0x0000850c      0x1b8 contiki-sky.a(uip-nd6.o)
                0x0000850c                uip_nd6_na_input
 .text.set_packet_attrs
                0x000086c4       0x44 contiki-sky.a(sicslowpan.o)
 .text.addr_context_lookup_by_number
                0x00008708       0x36 contiki-sky.a(sicslowpan.o)
 .text.compress_addr_64
                0x0000873e       0x92 contiki-sky.a(sicslowpan.o)
 .text.uncompress_addr
                0x000087d0       0xae contiki-sky.a(sicslowpan.o)
 .text.input    0x0000887e      0x604 contiki-sky.a(sicslowpan.o)
 .text.sicslowpan_init
                0x00008e82       0x26 contiki-sky.a(sicslowpan.o)
                0x00008e82                sicslowpan_init
 .text.addr_context_lookup_by_prefix
                0x00008ea8       0x4c contiki-sky.a(sicslowpan.o)
 .text.send_packet
                0x00008ef4       0x1a contiki-sky.a(sicslowpan.o)
 .text.output   0x00008f0e      0x6b2 contiki-sky.a(sicslowpan.o)
 .text.packet_sent
                0x000095c0       0x22 contiki-sky.a(sicslowpan.o)
 .text.neighbor_info_packet_sent
                0x000095e2       0xe8 contiki-sky.a(neighbor-info.o)
                0x000095e2                neighbor_info_packet_sent
 .text.neighbor_info_packet_received
                0x000096ca       0x1a contiki-sky.a(neighbor-info.o)
                0x000096ca                neighbor_info_packet_received
 .text.neighbor_info_subscribe
                0x000096e4       0x28 contiki-sky.a(neighbor-info.o)
                0x000096e4                neighbor_info_subscribe
 .text.uip_ds6_list_loop
                0x0000970c       0x82 contiki-sky.a(uip-ds6.o)
                0x0000970c                uip_ds6_list_loop
 .text.uip_ds6_nbr_rm
                0x0000978e        0xe contiki-sky.a(uip-ds6.o)
                0x0000978e                uip_ds6_nbr_rm
 .text.uip_ds6_nbr_add
                0x0000979c      0x116 contiki-sky.a(uip-ds6.o)
                0x0000979c                uip_ds6_nbr_add
 .text.uip_ds6_nbr_lookup
                0x000098b2       0x3e contiki-sky.a(uip-ds6.o)
                0x000098b2                uip_ds6_nbr_lookup
 .text.uip_ds6_defrt_add
                0x000098f0       0x82 contiki-sky.a(uip-ds6.o)
                0x000098f0                uip_ds6_defrt_add
 .text.uip_ds6_defrt_rm
                0x00009972        0xa contiki-sky.a(uip-ds6.o)
                0x00009972                uip_ds6_defrt_rm
 .text.uip_ds6_defrt_lookup
                0x0000997c       0x28 contiki-sky.a(uip-ds6.o)
                0x0000997c                uip_ds6_defrt_lookup
 .text.uip_ds6_defrt_choose
                0x000099a4       0x4a contiki-sky.a(uip-ds6.o)
                0x000099a4                uip_ds6_defrt_choose
 .text.uip_ds6_prefix_add
                0x000099ee       0x80 contiki-sky.a(uip-ds6.o)
                0x000099ee                uip_ds6_prefix_add
 .text.uip_ds6_is_addr_onlink
                0x00009a6e       0x50 contiki-sky.a(uip-ds6.o)
                0x00009a6e                uip_ds6_is_addr_onlink
 .text.uip_ds6_addr_lookup
                0x00009abe       0x2a contiki-sky.a(uip-ds6.o)
                0x00009abe                uip_ds6_addr_lookup
 .text.uip_ds6_get_link_local
                0x00009ae8       0x3e contiki-sky.a(uip-ds6.o)
                0x00009ae8                uip_ds6_get_link_local
 .text.uip_ds6_maddr_add
                0x00009b26       0x4c contiki-sky.a(uip-ds6.o)
                0x00009b26                uip_ds6_maddr_add
 .text.uip_ds6_addr_add
                0x00009b72       0xca contiki-sky.a(uip-ds6.o)
                0x00009b72                uip_ds6_addr_add
 .text.uip_ds6_maddr_lookup
                0x00009c3c       0x2a contiki-sky.a(uip-ds6.o)
                0x00009c3c                uip_ds6_maddr_lookup
 .text.uip_ds6_addr_rm
                0x00009c66       0x54 contiki-sky.a(uip-ds6.o)
                0x00009c66                uip_ds6_addr_rm
 .text.uip_ds6_periodic
                0x00009cba      0x194 contiki-sky.a(uip-ds6.o)
                0x00009cba                uip_ds6_periodic
 .text.uip_ds6_route_lookup
                0x00009e4e       0x66 contiki-sky.a(uip-ds6.o)
                0x00009e4e                uip_ds6_route_lookup
 .text.uip_ds6_route_add
                0x00009eb4       0x82 contiki-sky.a(uip-ds6.o)
                0x00009eb4                uip_ds6_route_add
 .text.uip_ds6_route_rm
                0x00009f36        0x6 contiki-sky.a(uip-ds6.o)
                0x00009f36                uip_ds6_route_rm
 .text.uip_ds6_route_rm_by_nexthop
                0x00009f3c       0x42 contiki-sky.a(uip-ds6.o)
                0x00009f3c                uip_ds6_route_rm_by_nexthop
 .text.uip_ds6_set_addr_iid
                0x00009f7e       0x14 contiki-sky.a(uip-ds6.o)
                0x00009f7e                uip_ds6_set_addr_iid
 .text.get_match_length
                0x00009f92       0x46 contiki-sky.a(uip-ds6.o)
                0x00009f92                get_match_length
 .text.uip_ds6_select_src
                0x00009fd8       0xaa contiki-sky.a(uip-ds6.o)
                0x00009fd8                uip_ds6_select_src
 .text.uip_ds6_compute_reachable_time
                0x0000a082       0x4a contiki-sky.a(uip-ds6.o)
                0x0000a082                uip_ds6_compute_reachable_time
 .text.uip_ds6_init
                0x0000a0cc      0x17c contiki-sky.a(uip-ds6.o)
                0x0000a0cc                uip_ds6_init
 .text.coap_set_service_callback
                0x0000a248        0x6 contiki-sky.a(er-coap-07-engi)
                0x0000a248                coap_set_service_callback
 .text.coap_get_rest_method
                0x0000a24e       0x14 contiki-sky.a(er-coap-07-engi)
                0x0000a24e                coap_get_rest_method
 .text.process_thread_coap_receiver
                0x0000a262      0x426 contiki-sky.a(er-coap-07-engi)
 .text.well_known_core_handler
                0x0000a688      0x312 contiki-sky.a(er-coap-07-engi)
                0x0000a688                well_known_core_handler
 .text.coap_receiver_init
                0x0000a99a        0xc contiki-sky.a(er-coap-07-engi)
                0x0000a99a                coap_receiver_init
 .text.coap_log_2
                0x0000a9a6       0x1c contiki-sky.a(er-coap-07.o)
 .text.coap_parse_int_option
                0x0000a9c2       0x3a contiki-sky.a(er-coap-07.o)
 .text.coap_set_option_header
                0x0000a9fc       0x38 contiki-sky.a(er-coap-07.o)
 .text.coap_serialize_int_option
                0x0000aa34       0xf2 contiki-sky.a(er-coap-07.o)
 .text.coap_serialize_array_option
                0x0000ab26      0x112 contiki-sky.a(er-coap-07.o)
 .text.coap_get_variable
                0x0000ac38       0x94 contiki-sky.a(er-coap-07.o)
 .text.coap_merge_multi_option
                0x0000accc       0x3e contiki-sky.a(er-coap-07.o)
 .text.coap_init_connection
                0x0000ad0a       0x22 contiki-sky.a(er-coap-07.o)
                0x0000ad0a                coap_init_connection
 .text.coap_get_mid
                0x0000ad2c        0xc contiki-sky.a(er-coap-07.o)
                0x0000ad2c                coap_get_mid
 .text.coap_init_message
                0x0000ad38       0x30 contiki-sky.a(er-coap-07.o)
                0x0000ad38                coap_init_message
 .text.coap_serialize_message
                0x0000ad68      0x5d6 contiki-sky.a(er-coap-07.o)
                0x0000ad68                coap_serialize_message
 .text.coap_send_message
                0x0000b33e       0x4e contiki-sky.a(er-coap-07.o)
                0x0000b33e                coap_send_message
 .text.coap_parse_message
                0x0000b38c      0x3fc contiki-sky.a(er-coap-07.o)
                0x0000b38c                coap_parse_message
 .text.coap_get_query_variable
                0x0000b788       0x30 contiki-sky.a(er-coap-07.o)
                0x0000b788                coap_get_query_variable
 .text.coap_get_post_variable
                0x0000b7b8       0x20 contiki-sky.a(er-coap-07.o)
                0x0000b7b8                coap_get_post_variable
 .text.coap_set_status_code
                0x0000b7d8       0x12 contiki-sky.a(er-coap-07.o)
                0x0000b7d8                coap_set_status_code
 .text.coap_get_header_content_type
                0x0000b7ea       0x20 contiki-sky.a(er-coap-07.o)
                0x0000b7ea                coap_get_header_content_type
 .text.coap_set_header_content_type
                0x0000b80a       0x10 contiki-sky.a(er-coap-07.o)
                0x0000b80a                coap_set_header_content_type
 .text.coap_get_header_accept
                0x0000b81a       0x2c contiki-sky.a(er-coap-07.o)
                0x0000b81a                coap_get_header_accept
 .text.coap_get_header_max_age
                0x0000b846       0x32 contiki-sky.a(er-coap-07.o)
                0x0000b846                coap_get_header_max_age
 .text.coap_set_header_max_age
                0x0000b878       0x14 contiki-sky.a(er-coap-07.o)
                0x0000b878                coap_set_header_max_age
 .text.coap_set_header_etag
                0x0000b88c       0x2e contiki-sky.a(er-coap-07.o)
                0x0000b88c                coap_set_header_etag
 .text.coap_get_header_if_match
                0x0000b8ba       0x2c contiki-sky.a(er-coap-07.o)
                0x0000b8ba                coap_get_header_if_match
 .text.coap_get_header_if_none_match
                0x0000b8e6       0x1e contiki-sky.a(er-coap-07.o)
                0x0000b8e6                coap_get_header_if_none_match
 .text.coap_set_header_token
                0x0000b904       0x2e contiki-sky.a(er-coap-07.o)
                0x0000b904                coap_set_header_token
 .text.coap_get_header_uri_host
                0x0000b932       0x28 contiki-sky.a(er-coap-07.o)
                0x0000b932                coap_get_header_uri_host
 .text.coap_get_header_uri_path
                0x0000b95a       0x28 contiki-sky.a(er-coap-07.o)
                0x0000b95a                coap_get_header_uri_path
 .text.coap_set_header_uri_path
                0x0000b982       0x30 contiki-sky.a(er-coap-07.o)
                0x0000b982                coap_set_header_uri_path
 .text.coap_get_header_uri_query
                0x0000b9b2       0x28 contiki-sky.a(er-coap-07.o)
                0x0000b9b2                coap_get_header_uri_query
 .text.coap_set_header_location_query
                0x0000b9da       0x30 contiki-sky.a(er-coap-07.o)
                0x0000b9da                coap_set_header_location_query
 .text.coap_set_header_location_path
                0x0000ba0a       0x64 contiki-sky.a(er-coap-07.o)
                0x0000ba0a                coap_set_header_location_path
 .text.coap_set_header_observe
                0x0000ba6e       0x12 contiki-sky.a(er-coap-07.o)
                0x0000ba6e                coap_set_header_observe
 .text.coap_get_header_block2
                0x0000ba80       0x64 contiki-sky.a(er-coap-07.o)
                0x0000ba80                coap_get_header_block2
 .text.coap_set_header_block2
                0x0000bae4       0x42 contiki-sky.a(er-coap-07.o)
                0x0000bae4                coap_set_header_block2
 .text.coap_get_payload
                0x0000bb26       0x1a contiki-sky.a(er-coap-07.o)
                0x0000bb26                coap_get_payload
 .text.coap_set_payload
                0x0000bb40       0x16 contiki-sky.a(er-coap-07.o)
                0x0000bb40                coap_set_payload
 .text.coap_register_as_transaction_handler
                0x0000bb56        0x8 contiki-sky.a(er-coap-07-tran)
                0x0000bb56                coap_register_as_transaction_handler
 .text.coap_new_transaction
                0x0000bb5e       0x4e contiki-sky.a(er-coap-07-tran)
                0x0000bb5e                coap_new_transaction
 .text.coap_clear_transaction
                0x0000bbac       0x26 contiki-sky.a(er-coap-07-tran)
                0x0000bbac                coap_clear_transaction
 .text.coap_send_transaction
                0x0000bbd2       0xba contiki-sky.a(er-coap-07-tran)
                0x0000bbd2                coap_send_transaction
 .text.coap_get_transaction_by_mid
                0x0000bc8c       0x1e contiki-sky.a(er-coap-07-tran)
                0x0000bc8c                coap_get_transaction_by_mid
 .text.coap_check_transactions
                0x0000bcaa       0x2e contiki-sky.a(er-coap-07-tran)
                0x0000bcaa                coap_check_transactions
 .text.coap_remove_observer
                0x0000bcd8       0x1c contiki-sky.a(er-coap-07-obse)
                0x0000bcd8                coap_remove_observer
 .text.coap_remove_observer_by_client
                0x0000bcf4       0x4c contiki-sky.a(er-coap-07-obse)
                0x0000bcf4                coap_remove_observer_by_client
 .text.coap_remove_observer_by_url
                0x0000bd40       0x7a contiki-sky.a(er-coap-07-obse)
                0x0000bd40                coap_remove_observer_by_url
 .text.coap_add_observer
                0x0000bdba       0x80 contiki-sky.a(er-coap-07-obse)
                0x0000bdba                coap_add_observer
 .text.coap_remove_observer_by_mid
                0x0000be3a       0x58 contiki-sky.a(er-coap-07-obse)
                0x0000be3a                coap_remove_observer_by_mid
 .text.coap_notify_observers
                0x0000be92       0xba contiki-sky.a(er-coap-07-obse)
                0x0000be92                coap_notify_observers
 .text.coap_observe_handler
                0x0000bf4c       0xae contiki-sky.a(er-coap-07-obse)
                0x0000bf4c                coap_observe_handler
 .text.process_thread_rest_manager_process
                0x0000bffa       0xc4 contiki-sky.a(erbium.o)
 .text.rest_invoke_restful_service
                0x0000c0be      0x116 contiki-sky.a(erbium.o)
                0x0000c0be                rest_invoke_restful_service
 .text.rest_init_engine
                0x0000c1d4       0x26 contiki-sky.a(erbium.o)
                0x0000c1d4                rest_init_engine
 .text.rest_activate_resource
                0x0000c1fa       0x24 contiki-sky.a(erbium.o)
                0x0000c1fa                rest_activate_resource
 .text.rest_get_resources
                0x0000c21e        0x6 contiki-sky.a(erbium.o)
                0x0000c21e                rest_get_resources
 .text.init_platform
                0x0000c224        0xc contiki-sky.a(contiki-sky-pla)
                0x0000c224                init_platform
 .text.status   0x0000c230       0x16 contiki-sky.a(button-sensor.o)
 .text.configure
                0x0000c246       0x4a contiki-sky.a(button-sensor.o)
 .text.value    0x0000c290       0x26 contiki-sky.a(button-sensor.o)
 .text.irq_p2   0x0000c2b6       0x92 contiki-sky.a(button-sensor.o)
                0x0000c2b6                irq_p2
                0x0000c2b6                __isr_1
 .text.crc8_add
                0x0000c348       0x1a contiki-sky.a(ds2411.o)
 .text.owreadb  0x0000c362       0x56 contiki-sky.a(ds2411.o)
 .text.ds2411_init
                0x0000c3b8      0x10a contiki-sky.a(ds2411.o)
                0x0000c3b8                ds2411_init
 .text.wait_ready
                0x0000c4c2       0x4e contiki-sky.a(xmem.o)
 .text.xmem_init
                0x0000c510       0x3c contiki-sky.a(xmem.o)
                0x0000c510                xmem_init
 .text.xmem_pread
                0x0000c54c       0xdc contiki-sky.a(xmem.o)
                0x0000c54c                xmem_pread
 .text.node_id_restore
                0x0000c628       0x38 contiki-sky.a(node-id.o)
                0x0000c628                node_id_restore
 .text.get_sensor_index
                0x0000c660       0x22 contiki-sky.a(sensors.o)
 .text.process_thread_sensors_process
                0x0000c682       0xc2 contiki-sky.a(sensors.o)
 .text.sensors_changed
                0x0000c744       0x14 contiki-sky.a(sensors.o)
                0x0000c744                sensors_changed
 .text.strobe   0x0000c758       0x1e contiki-sky.a(cc2420.o)
 .text.status   0x0000c776       0x24 contiki-sky.a(cc2420.o)
 .text.getreg   0x0000c79a       0x50 contiki-sky.a(cc2420.o)
 .text.setreg   0x0000c7ea       0x48 contiki-sky.a(cc2420.o)
 .text.set_txpower
                0x0000c832       0x2a contiki-sky.a(cc2420.o)
 .text.cc2420_receiving_packet
                0x0000c85c       0x10 contiki-sky.a(cc2420.o)
 .text.pending_packet
                0x0000c86c        0x8 contiki-sky.a(cc2420.o)
 .text.on       0x0000c874       0x46 contiki-sky.a(cc2420.o)
 .text.flushrx  0x0000c8ba       0x74 contiki-sky.a(cc2420.o)
 .text.off      0x0000c92e       0x78 contiki-sky.a(cc2420.o)
 .text.RELEASE_LOCK
                0x0000c9a6       0x28 contiki-sky.a(cc2420.o)
 .text.cc2420_prepare
                0x0000c9ce       0x8a contiki-sky.a(cc2420.o)
 .text.cc2420_on
                0x0000ca58       0x22 contiki-sky.a(cc2420.o)
                0x0000ca58                cc2420_on
 .text.cc2420_off
                0x0000ca7a       0x30 contiki-sky.a(cc2420.o)
                0x0000ca7a                cc2420_off
 .text.cc2420_cca
                0x0000caaa       0x7a contiki-sky.a(cc2420.o)
 .text.getrxdata
                0x0000cb24       0x4e contiki-sky.a(cc2420.o)
 .text.cc2420_read
                0x0000cb72      0x11a contiki-sky.a(cc2420.o)
 .text.process_thread_cc2420_process
                0x0000cc8c       0x50 contiki-sky.a(cc2420.o)
 .text.cc2420_set_channel
                0x0000ccdc       0x7a contiki-sky.a(cc2420.o)
                0x0000ccdc                cc2420_set_channel
 .text.cc2420_set_pan_addr
                0x0000cd56      0x13a contiki-sky.a(cc2420.o)
                0x0000cd56                cc2420_set_pan_addr
 .text.cc2420_init
                0x0000ce90       0xd4 contiki-sky.a(cc2420.o)
                0x0000ce90                cc2420_init
 .text.cc2420_interrupt
                0x0000cf64       0x20 contiki-sky.a(cc2420.o)
                0x0000cf64                cc2420_interrupt
 .text.cc2420_get_txpower
                0x0000cf84       0x1e contiki-sky.a(cc2420.o)
                0x0000cf84                cc2420_get_txpower
 .text.cc2420_transmit
                0x0000cfa2      0x1ac contiki-sky.a(cc2420.o)
 .text.cc2420_send
                0x0000d14e       0x12 contiki-sky.a(cc2420.o)
 .text.cc2420_port1_interrupt
                0x0000d160       0x6a contiki-sky.a(cc2420-arch.o)
                0x0000d160                __isr_4
                0x0000d160                cc2420_port1_interrupt
 .text.cc2420_arch_init
                0x0000d1ca       0x1a contiki-sky.a(cc2420-arch.o)
                0x0000d1ca                cc2420_arch_init
 .text.uart1_active
                0x0000d1e4       0x18 contiki-sky.a(uart1.o)
                0x0000d1e4                uart1_active
 .text.uart1_writeb
                0x0000d1fc       0x1a contiki-sky.a(uart1.o)
                0x0000d1fc                uart1_writeb
 .text.uart1_init
                0x0000d216       0xee contiki-sky.a(uart1.o)
                0x0000d216                uart1_init
 .text.putchar  0x0000d304        0xe contiki-sky.a(uart1-putchar.o)
                0x0000d304                putchar
 .text.msp430_init_dco
                0x0000d312       0x74 contiki-sky.a(msp430.o)
                0x0000d312                msp430_init_dco
 .text.msp430_add_lpm_req
                0x0000d386        0xa contiki-sky.a(msp430.o)
                0x0000d386                msp430_add_lpm_req
 .text.msp430_cpu_init
                0x0000d390       0x2a contiki-sky.a(msp430.o)
                0x0000d390                msp430_cpu_init
 .text.splhigh_
                0x0000d3ba        0x8 contiki-sky.a(msp430.o)
                0x0000d3ba                splhigh_
 .text.msp430_sync_dco
                0x0000d3c2       0x60 contiki-sky.a(msp430.o)
                0x0000d3c2                msp430_sync_dco
 .text.timera1  0x0000d422       0xee contiki-sky.a(clock.o)
                0x0000d422                __isr_5
                0x0000d422                timera1
 .text.clock_time
                0x0000d510       0x1a contiki-sky.a(clock.o)
                0x0000d510                clock_time
 .text.clock_init
                0x0000d52a       0x28 contiki-sky.a(clock.o)
                0x0000d52a                clock_init
 .text.clock_delay
                0x0000d552        0xc contiki-sky.a(clock.o)
                0x0000d552                clock_delay
 .text.clock_seconds
                0x0000d55e       0x1a contiki-sky.a(clock.o)
                0x0000d55e                clock_seconds
 .text.show_leds
                0x0000d578      0x10c contiki-sky.a(leds.o)
 .text.leds_init
                0x0000d684        0xe contiki-sky.a(leds.o)
                0x0000d684                leds_init
 .text.leds_on  0x0000d692       0x14 contiki-sky.a(leds.o)
                0x0000d692                leds_on
 .text.leds_off
                0x0000d6a6       0x14 contiki-sky.a(leds.o)
                0x0000d6a6                leds_off
 .text.leds_arch_init
                0x0000d6ba        0xe contiki-sky.a(leds-arch.o)
                0x0000d6ba                leds_arch_init
 .text.leds_arch_set
                0x0000d6c8       0x3a contiki-sky.a(leds-arch.o)
                0x0000d6c8                leds_arch_set
 .text.watchdog_interrupt
                0x0000d702        0x6 contiki-sky.a(watchdog.o)
                0x0000d702                __isr_10
                0x0000d702                watchdog_interrupt
 .text.watchdog_start
                0x0000d708       0x14 contiki-sky.a(watchdog.o)
                0x0000d708                watchdog_start
 .text.watchdog_periodic
                0x0000d71c       0x12 contiki-sky.a(watchdog.o)
                0x0000d71c                watchdog_periodic
 .text.watchdog_stop
                0x0000d72e       0x16 contiki-sky.a(watchdog.o)
                0x0000d72e                watchdog_stop
 .text.watchdog_init
                0x0000d744       0x14 contiki-sky.a(watchdog.o)
                0x0000d744                watchdog_init
 .text.rtimer_arch_init
                0x0000d758        0xe contiki-sky.a(rtimer-arch.o)
                0x0000d758                rtimer_arch_init
 .text.rtimer_arch_now
                0x0000d766        0xe contiki-sky.a(rtimer-arch.o)
                0x0000d766                rtimer_arch_now
 .text.timera0  0x0000d774       0x76 contiki-sky.a(rtimer-arch.o)
                0x0000d774                __isr_6
                0x0000d774                timera0
 .text.rtimer_arch_schedule
                0x0000d7ea        0x6 contiki-sky.a(rtimer-arch.o)
                0x0000d7ea                rtimer_arch_schedule
 .text.field_len
                0x0000d7f0       0x98 contiki-sky.a(frame802154.o)
 .text.frame802154_hdrlen
                0x0000d888       0x26 contiki-sky.a(frame802154.o)
                0x0000d888                frame802154_hdrlen
 .text.frame802154_create
                0x0000d8ae      0x16c contiki-sky.a(frame802154.o)
                0x0000d8ae                frame802154_create
 .text.frame802154_parse
                0x0000da1a      0x1a0 contiki-sky.a(frame802154.o)
                0x0000da1a                frame802154_parse
 .text.rpl_link_neighbor_callback
                0x0000dbba       0x8a contiki-sky.a(rpl.o)
 .text.rpl_purge_routes
                0x0000dc44       0x64 contiki-sky.a(rpl.o)
                0x0000dc44                rpl_purge_routes
 .text.rpl_remove_routes
                0x0000dca8       0x3e contiki-sky.a(rpl.o)
                0x0000dca8                rpl_remove_routes
 .text.rpl_remove_routes_by_nexthop
                0x0000dce6       0x44 contiki-sky.a(rpl.o)
                0x0000dce6                rpl_remove_routes_by_nexthop
 .text.rpl_add_route
                0x0000dd2a       0x72 contiki-sky.a(rpl.o)
                0x0000dd2a                rpl_add_route
 .text.rpl_ipv6_neighbor_callback
                0x0000dd9c       0x26 contiki-sky.a(rpl.o)
                0x0000dd9c                rpl_ipv6_neighbor_callback
 .text.rpl_init
                0x0000ddc2       0x44 contiki-sky.a(rpl.o)
                0x0000ddc2                rpl_init
 .text.lollipop_greater_than
                0x0000de06       0x44 contiki-sky.a(rpl-dag.o)
 .text.find_parent_dag
                0x0000de4a       0x5a contiki-sky.a(rpl-dag.o)
 .text.set_ip_from_prefix
                0x0000dea4       0x3a contiki-sky.a(rpl-dag.o)
 .text.check_prefix
                0x0000dede       0x7c contiki-sky.a(rpl-dag.o)
 .text.rpl_set_default_route
                0x0000df5a       0x5c contiki-sky.a(rpl-dag.o)
                0x0000df5a                rpl_set_default_route
 .text.rpl_alloc_instance
                0x0000dfb6       0x2c contiki-sky.a(rpl-dag.o)
                0x0000dfb6                rpl_alloc_instance
 .text.rpl_add_parent
                0x0000dfe2       0x76 contiki-sky.a(rpl-dag.o)
                0x0000dfe2                rpl_add_parent
 .text.rpl_find_parent
                0x0000e058       0x34 contiki-sky.a(rpl-dag.o)
                0x0000e058                rpl_find_parent
 .text.rpl_find_parent_any_dag
                0x0000e08c       0x5a contiki-sky.a(rpl-dag.o)
                0x0000e08c                rpl_find_parent_any_dag
 .text.rpl_select_parent
                0x0000e0e6       0x44 contiki-sky.a(rpl-dag.o)
                0x0000e0e6                rpl_select_parent
 .text.rpl_select_dag
                0x0000e12a      0x1a2 contiki-sky.a(rpl-dag.o)
                0x0000e12a                rpl_select_dag
 .text.rpl_nullify_parent
                0x0000e2cc       0x48 contiki-sky.a(rpl-dag.o)
                0x0000e2cc                rpl_nullify_parent
 .text.rpl_remove_parent
                0x0000e314       0x26 contiki-sky.a(rpl-dag.o)
                0x0000e314                rpl_remove_parent
 .text.remove_parents.clone.1
                0x0000e33a       0x26 contiki-sky.a(rpl-dag.o)
 .text.rpl_free_dag
                0x0000e360       0x36 contiki-sky.a(rpl-dag.o)
                0x0000e360                rpl_free_dag
 .text.rpl_free_instance
                0x0000e396       0x5c contiki-sky.a(rpl-dag.o)
                0x0000e396                rpl_free_instance
 .text.rpl_move_parent
                0x0000e3f2       0x72 contiki-sky.a(rpl-dag.o)
                0x0000e3f2                rpl_move_parent
 .text.rpl_get_any_dag
                0x0000e464       0x18 contiki-sky.a(rpl-dag.o)
                0x0000e464                rpl_get_any_dag
 .text.rpl_get_instance
                0x0000e47c       0x16 contiki-sky.a(rpl-dag.o)
                0x0000e47c                rpl_get_instance
 .text.get_dag  0x0000e492       0x5c contiki-sky.a(rpl-dag.o)
 .text.rpl_alloc_dag
                0x0000e4ee       0x78 contiki-sky.a(rpl-dag.o)
                0x0000e4ee                rpl_alloc_dag
 .text.rpl_find_of
                0x0000e566       0x10 contiki-sky.a(rpl-dag.o)
                0x0000e566                rpl_find_of
 .text.rpl_join_instance
                0x0000e576      0x140 contiki-sky.a(rpl-dag.o)
                0x0000e576                rpl_join_instance
 .text.rpl_local_repair
                0x0000e6b6       0x6a contiki-sky.a(rpl-dag.o)
                0x0000e6b6                rpl_local_repair
 .text.rpl_process_parent_event
                0x0000e720       0x96 contiki-sky.a(rpl-dag.o)
                0x0000e720                rpl_process_parent_event
 .text.rpl_recalculate_ranks
                0x0000e7b6       0x46 contiki-sky.a(rpl-dag.o)
                0x0000e7b6                rpl_recalculate_ranks
 .text.rpl_add_dag
                0x0000e7fc      0x10e contiki-sky.a(rpl-dag.o)
                0x0000e7fc                rpl_add_dag
 .text.rpl_process_dio
                0x0000e90a      0x238 contiki-sky.a(rpl-dag.o)
                0x0000e90a                rpl_process_dio
 .text.get32    0x0000eb42       0x46 contiki-sky.a(rpl-icmp6.o)
 .text.set32    0x0000eb88       0x3c contiki-sky.a(rpl-icmp6.o)
 .text.get16    0x0000ebc4        0xe contiki-sky.a(rpl-icmp6.o)
 .text.set16    0x0000ebd2       0x10 contiki-sky.a(rpl-icmp6.o)
 .text.dis_output
                0x0000ebe2       0x50 contiki-sky.a(rpl-icmp6.o)
                0x0000ebe2                dis_output
 .text.dio_output
                0x0000ec32      0x28c contiki-sky.a(rpl-icmp6.o)
                0x0000ec32                dio_output
 .text.dao_output
                0x0000eebe       0xfc contiki-sky.a(rpl-icmp6.o)
                0x0000eebe                dao_output
 .text.dao_ack_output
                0x0000efba       0x3c contiki-sky.a(rpl-icmp6.o)
                0x0000efba                dao_ack_output
 .text.uip_rpl_input
                0x0000eff6      0x51a contiki-sky.a(rpl-icmp6.o)
                0x0000eff6                uip_rpl_input
 .text.new_dio_interval
                0x0000f510       0xb8 contiki-sky.a(rpl-timers.o)
 .text.handle_dao_timer
                0x0000f5c8       0x50 contiki-sky.a(rpl-timers.o)
 .text.handle_dio_timer
                0x0000f618       0x82 contiki-sky.a(rpl-timers.o)
 .text.handle_periodic_timer
                0x0000f69a       0x2e contiki-sky.a(rpl-timers.o)
 .text.rpl_reset_periodic_timer
                0x0000f6c8       0x1e contiki-sky.a(rpl-timers.o)
                0x0000f6c8                rpl_reset_periodic_timer
 .text.rpl_reset_dio_timer
                0x0000f6e6       0x18 contiki-sky.a(rpl-timers.o)
                0x0000f6e6                rpl_reset_dio_timer
 .text.rpl_schedule_dao
                0x0000f6fe       0x48 contiki-sky.a(rpl-timers.o)
                0x0000f6fe                rpl_schedule_dao
 .text.calculate_path_metric
                0x0000f746       0x40 contiki-sky.a(rpl-of-etx.o)
 .text.reset    0x0000f786        0x2 contiki-sky.a(rpl-of-etx.o)
 .text.parent_state_callback
                0x0000f788        0x2 contiki-sky.a(rpl-of-etx.o)
 .text.calculate_rank
                0x0000f78a       0x58 contiki-sky.a(rpl-of-etx.o)
 .text.best_dag
                0x0000f7e2       0x34 contiki-sky.a(rpl-of-etx.o)
 .text.best_parent
                0x0000f816       0x52 contiki-sky.a(rpl-of-etx.o)
 .text.update_metric_container
                0x0000f868       0x40 contiki-sky.a(rpl-of-etx.o)
 .text.rpl_verify_header
                0x0000f8a8       0x86 contiki-sky.a(rpl-ext-header.)
                0x0000f8a8                rpl_verify_header
 .text.rpl_update_header_empty
                0x0000f92e       0xb8 contiki-sky.a(rpl-ext-header.)
                0x0000f92e                rpl_update_header_empty
 .text.rpl_update_header_final
                0x0000f9e6       0x84 contiki-sky.a(rpl-ext-header.)
                0x0000f9e6                rpl_update_header_final
 .text.rpl_invert_header
                0x0000fa6a       0x5c contiki-sky.a(rpl-ext-header.)
                0x0000fa6a                rpl_invert_header
 .text.stimer_set
                0x0000fac6       0x1c contiki-sky.a(stimer.o)
                0x0000fac6                stimer_set
 .text.stimer_restart
                0x0000fae2       0x14 contiki-sky.a(stimer.o)
                0x0000fae2                stimer_restart
 .text.stimer_expired
                0x0000faf6       0x42 contiki-sky.a(stimer.o)
                0x0000faf6                stimer_expired
 .text.uip_udp_packet_send
                0x0000fb38       0x2e contiki-sky.a(uip-udp-packet.)
                0x0000fb38                uip_udp_packet_send
 .text.neighbor_addr_get
                0x0000fb66       0x42 contiki-sky.a(neighbor-attr.o)
 .text.set_attr
                0x0000fba8       0x4e contiki-sky.a(neighbor-attr.o)
 .text.neighbor_attr_register
                0x0000fbf6       0x34 contiki-sky.a(neighbor-attr.o)
                0x0000fbf6                neighbor_attr_register
 .text.neighbor_attr_has_neighbor
                0x0000fc2a       0x10 contiki-sky.a(neighbor-attr.o)
                0x0000fc2a                neighbor_attr_has_neighbor
 .text.neighbor_attr_add_neighbor
                0x0000fc3a       0x80 contiki-sky.a(neighbor-attr.o)
                0x0000fc3a                neighbor_attr_add_neighbor
 .text.neighbor_attr_get_data
                0x0000fcba       0x2e contiki-sky.a(neighbor-attr.o)
                0x0000fcba                neighbor_attr_get_data
 .text.neighbor_attr_set_data
                0x0000fce8       0x66 contiki-sky.a(neighbor-attr.o)
                0x0000fce8                neighbor_attr_set_data
 .text.spi_init
                0x0000fd4e       0x32 contiki-sky.a(spi.o)
                0x0000fd4e                spi_init
 .text.libgcc   0x0000fd80       0x20 /usr/lib/gcc/msp430/4.5.3/mmpy-16/libgcc.a(_mulsi3.o)
                0x0000fd80                __mulsi3
 .text.libgcc   0x0000fda0       0x1c /usr/lib/gcc/msp430/4.5.3/mmpy-16/libgcc.a(_udivmodhi4.o)
                0x0000fda0                __udivmodhi4
 .text.libgcc   0x0000fdbc       0x36 /usr/lib/gcc/msp430/4.5.3/mmpy-16/libgcc.a(_divmodhi4.o)
                0x0000fdbc                __divmodhi4
 .text.libgcc   0x0000fdf2       0x2a /usr/lib/gcc/msp430/4.5.3/mmpy-16/libgcc.a(_udivmodsi4.o)
                0x0000fdf2                __udivmodsi4
 .text.crt0     0x0000fe1c        0x2 /usr/lib/gcc/msp430/4.5.3/mmpy-16/libcrt0.a(_unexpected_.o)
                0x0000fe1c                _unexpected_

.rodata         0x0000fe1e        0x0
                0x0000fe1e                . = ALIGN (0x2)
 *(.rodata .rodata.* .gnu.linkonce.r.*)
                0x0000fe1e                . = ALIGN (0x2)
                0x0000fe1e                _etext = .

.data           0x00001100      0x114 load address 0x0000fe1e
                0x00001100                . = ALIGN (0x2)
                0x00001100                PROVIDE (__data_start, .)
 *(.data)
 .data          0x00001100       0x40 preco.co
                0x00001100                resource_discovery
                0x00001112                resource_discovery_mercado
                0x00001124                resource_compra
                0x00001136                preco
 .data          0x00001140       0x18 contiki-sky.a(csma.o)
 .data          0x00001158        0xa contiki-sky.a(etimer.o)
                0x00001158                etimer_process
 .data          0x00001162        0xa contiki-sky.a(ctimer.o)
                0x00001162                ctimer_process
 .data          0x0000116c       0x18 contiki-sky.a(queuebuf.o)
 .data          0x00001184        0xa contiki-sky.a(tcpip.o)
                0x00001184                tcpip_process
 .data          0x0000118e       0x10 contiki-sky.a(neighbor-info.o)
                0x0000118e                attr_etx
                0x00001196                attr_timestamp
 .data          0x0000119e       0x1c contiki-sky.a(er-coap-07-engi)
                0x0000119e                coap_receiver
                0x000011a8                resource_well_known_core
 .data          0x000011ba        0x2 contiki-sky.a(er-coap-07.o)
                0x000011ba                coap_error_message
 .data          0x000011bc        0x8 contiki-sky.a(er-coap-07-tran)
 .data          0x000011c4        0x8 contiki-sky.a(er-coap-07-obse)
 .data          0x000011cc        0xa contiki-sky.a(erbium.o)
                0x000011cc                rest_manager_process
 .data          0x000011d6        0x4 contiki-sky.a(contiki-sky-pla)
                0x000011d6                sensors
 .data          0x000011da        0xa contiki-sky.a(sensors.o)
                0x000011da                sensors_process
 .data          0x000011e4        0xa contiki-sky.a(cc2420.o)
                0x000011e4                cc2420_process
 .data          0x000011ee        0x2 contiki-sky.a(msp430.o)
 .data          0x000011f0        0x8 contiki-sky.a(rpl-dag.o)
 .data          0x000011f8        0x1 contiki-sky.a(rpl-icmp6.o)
 *fill*         0x000011f9        0x1 00
 .data          0x000011fa        0xe contiki-sky.a(rpl-of-etx.o)
                0x000011fa                rpl_of_etx
 .data          0x00001208        0x8 contiki-sky.a(neighbor-attr.o)
 .data          0x00001210        0x4 /usr/lib/gcc/msp430/4.5.3/../../../../msp430/lib/mmpy-16/libc.a(rand.o)
 *(SORT(.data.*))
                0x00001214                . = ALIGN (0x2)
 *(.gnu.linkonce.d*)
                0x00001214                . = ALIGN (0x2)
                0x00001214                _edata = .
                0x0000fe1e                PROVIDE (__data_load_start, LOADADDR (.data))
                0x00000114                PROVIDE (__data_size, SIZEOF (.data))

.bss            0x00001214     0x181e load address 0x0000ff32
                0x00001214                PROVIDE (__bss_start, .)
 *(.bss)
 .bss           0x00001214       0x68 preco.co
                0x00001214                tamanho
 .bss           0x0000127c        0xc obj_sky/contiki-sky-main.o
 .bss           0x00001288        0x2 contiki-sky.a(framer-802154.o)
 .bss           0x0000128a       0x8a contiki-sky.a(csma.o)
 .bss           0x00001314       0x42 contiki-sky.a(process.o)
                0x00001314                process_list
                0x00001316                process_current
 .bss           0x00001356        0x6 contiki-sky.a(etimer.o)
 .bss           0x0000135c        0x4 contiki-sky.a(ctimer.o)
 .bss           0x00001360        0x2 contiki-sky.a(rtimer.o)
 .bss           0x00001362       0xba contiki-sky.a(packetbuf.o)
 .bss           0x0000141c      0x3c6 contiki-sky.a(queuebuf.o)
 .bss           0x000017e2        0xa contiki-sky.a(uip6.o)
                0x000017e2                uip_ext_bitmap
                0x000017e4                uip_ext_len
                0x000017e6                uip_ext_opt_offset
 .bss           0x000017ec        0xe contiki-sky.a(tcpip.o)
 .bss           0x000017fa       0x10 contiki-sky.a(uip-icmp6.o)
 .bss           0x0000180a        0xa contiki-sky.a(uip-nd6.o)
 .bss           0x00001814      0x122 contiki-sky.a(sicslowpan.o)
 .bss           0x00001936       0x3e contiki-sky.a(neighbor-info.o)
 .bss           0x00001974       0x20 contiki-sky.a(uip-ds6.o)
 .bss           0x00001994       0xec contiki-sky.a(er-coap-07-engi)
 .bss           0x00001a80        0x6 contiki-sky.a(er-coap-07.o)
                0x00001a80                coap_error_code
 .bss           0x00001a86      0x13a contiki-sky.a(er-coap-07-tran)
 .bss           0x00001bc0       0x3e contiki-sky.a(er-coap-07-obse)
 .bss           0x00001bfe        0x4 contiki-sky.a(erbium.o)
 .bss           0x00001c02        0x8 contiki-sky.a(button-sensor.o)
 .bss           0x00001c0a        0x2 contiki-sky.a(node-id.o)
                0x00001c0a                node_id
 .bss           0x00001c0c        0x6 contiki-sky.a(sensors.o)
 .bss           0x00001c12        0xa contiki-sky.a(cc2420.o)
 .bss           0x00001c1c       0x9a contiki-sky.a(uart1.o)
 .bss           0x00001cb6        0xa contiki-sky.a(clock.o)
 .bss           0x00001cc0        0x2 contiki-sky.a(leds.o)
 .bss           0x00001cc2        0x2 contiki-sky.a(watchdog.o)
 .bss           0x00001cc4      0x230 contiki-sky.a(rpl-dag.o)
 .bss           0x00001ef4       0x18 contiki-sky.a(rpl-timers.o)
 .bss           0x00001f0c       0xce contiki-sky.a(neighbor-attr.o)
 .bss           0x00001fda        0x4 /usr/lib/gcc/msp430/4.5.3/../../../../msp430/lib/mmpy-16/libc.a(sprintf.o)
 *(SORT(.bss.*))
 *(COMMON)
 COMMON         0x00001fde       0xca preco.co
                0x00001fde                j
                0x00001fe0                ip_parte
                0x00001fea                ip_d
                0x00001ff4                tempo
                0x00002000                codigo
                0x00002002                ip_b
                0x0000200c                aux
                0x0000200e                ip_f
                0x00002018                i
                0x0000201a                ip_e
                0x00002024                ip_c
                0x0000202e                conteudo
                0x00002030                ip_g
                0x0000203a                mercados
                0x00002094                ip_h
                0x0000209e                ip_a
 COMMON         0x000020a8        0x8 contiki-sky.a(rimeaddr.o)
                0x000020a8                rimeaddr_node_addr
 COMMON         0x000020b0        0x1 contiki-sky.a(process.o)
                0x000020b0                process_maxevents
 *fill*         0x000020b1        0x1 00
 COMMON         0x000020b2       0x56 contiki-sky.a(energest.o)
                0x000020b2                energest_total_time
                0x000020e2                energest_total_count
                0x000020e4                energest_current_mode
                0x000020f0                energest_current_time
 COMMON         0x00002108       0x50 contiki-sky.a(packetbuf.o)
                0x00002108                packetbuf_addrs
                0x00002128                packetbuf_attrs
 COMMON         0x00002158      0x240 contiki-sky.a(uip6.o)
                0x00002158                uip_len
                0x0000215a                uip_sappdata
                0x0000215c                uip_lladdr
                0x00002164                uip_aligned_buf
                0x00002254                uip_flags
                0x00002256                uip_next_hdr
                0x00002258                uip_udp_conn
                0x0000225a                uip_appdata
                0x0000225c                uip_conn
                0x0000225e                uip_slen
                0x00002260                uip_udp_conns
 COMMON         0x00002398        0x1 contiki-sky.a(tcpip.o)
                0x00002398                tcpip_event
 *fill*         0x00002399        0x1 00
 COMMON         0x0000239a        0x8 contiki-sky.a(sicslowpan.o)
                0x0000239a                frag_sender
 COMMON         0x000023a2      0x568 contiki-sky.a(uip-ds6.o)
                0x000023a2                uip_ds6_timer_ra
                0x000023aa                uip_ds6_if
                0x00002496                uip_ds6_netif_addr_list_offset
                0x00002497                uip_ds6_addr_size
                0x00002498                uip_ds6_prefix_list
                0x000024f2                uip_ds6_timer_periodic
                0x000024fe                uip_ds6_defrt_list
                0x00002536                uip_ds6_nbr_cache
                0x0000272a                uip_ds6_routing_table
 COMMON         0x0000290a        0x2 contiki-sky.a(contiki-sky-pla)
                0x0000290a                sensors_flags
 COMMON         0x0000290c        0x8 contiki-sky.a(ds2411.o)
                0x0000290c                ds2411_id
 COMMON         0x00002914        0x1 contiki-sky.a(sensors.o)
                0x00002914                sensors_event
 *fill*         0x00002915        0x1 00
 COMMON         0x00002916       0x14 contiki-sky.a(cc2420.o)
                0x00002916                cc2420_last_rssi
                0x00002918                cc2420_packets_read
                0x0000291a                cc2420_packets_seen
                0x0000291c                cc2420_sfd_start_time
                0x0000291e                cc2420_time_of_departure
                0x00002920                cc2420_time_of_arrival
                0x00002922                cc2420_last_correlation
                0x00002924                cc2420_authority_level_of_sender
                0x00002926                cc2420_sfd_counter
                0x00002928                cc2420_sfd_end_time
 COMMON         0x0000292a        0x2 contiki-sky.a(msp430.o)
                0x0000292a                msp430_dco_required
 COMMON         0x0000292c       0x48 contiki-sky.a(rimestats.o)
                0x0000292c                rimestats
 COMMON         0x00002974       0xbe contiki-sky.a(rpl-dag.o)
                0x00002974                default_instance
                0x00002976                instance_table
                0x00002a32                PROVIDE (__bss_end, .)
                0x00002a32                _end = .
                0x0000181e                PROVIDE (__bss_size, SIZEOF (.bss))

.noinit         0x00002a32        0x0 load address 0x0000ff32
                0x00002a32                PROVIDE (__noinit_start, .)
 *(.noinit)
 *(.noinit.*)
 *(COMMON)
                0x00002a32                PROVIDE (__noinit_end, .)
                0x00002a32                _end = .

.infomem        0x00001000        0x0
 *(.infomem)
                0x00001000                . = ALIGN (0x2)
 *(.infomem.*)

.infomemnobits  0x00001000        0x0
                0x00001000                . = ALIGN (0x2)
 *(.infomemnobits)
                0x00001000                . = ALIGN (0x2)
 *(.infomemnobits.*)

.vectors        0x0000ffe0       0x20
                0x0000ffe0                PROVIDE (__vectors_start, .)
 *(.vectors*)
 .vectors       0x0000ffe0       0x20 /usr/lib/gcc/msp430/4.5.3/mmpy-16/crt0ivtbl16.o
                0x0000ffe0                __ivtbl_16
                0x00010000                _vectors_end = .

.fartext        0x00000000        0x0
                0x00000000                . = ALIGN (0x2)
 *(.fartext)
                0x00000000                . = ALIGN (0x2)
 *(.fartext.*)
                0x00000000                _efartext = .

.profiler
 *(.profiler)

.stab
 *(.stab)

.stabstr
 *(.stabstr)

.stab.excl
 *(.stab.excl)

.stab.exclstr
 *(.stab.exclstr)

.stab.index
 *(.stab.index)

.stab.indexstr
 *(.stab.indexstr)

.comment
 *(.comment)

.debug
 *(.debug)

.line
 *(.line)

.debug_srcinfo
 *(.debug_srcinfo)

.debug_sfnames
 *(.debug_sfnames)

.debug_aranges  0x00000000      0xd1c
 *(.debug_aranges)
 .debug_aranges
                0x00000000       0x24 preco.co
 .debug_aranges
                0x00000024       0x18 obj_sky/contiki-sky-main.o
 .debug_aranges
                0x0000003c       0x1c contiki-sky.a(rimeaddr.o)
 .debug_aranges
                0x00000058       0x2c contiki-sky.a(nullrdc.o)
 .debug_aranges
                0x00000084       0x14 contiki-sky.a(mac.o)
 .debug_aranges
                0x00000098       0x18 contiki-sky.a(framer-802154.o)
 .debug_aranges
                0x000000b0       0x34 contiki-sky.a(csma.o)
 .debug_aranges
                0x000000e4       0x44 contiki-sky.a(process.o)
 .debug_aranges
                0x00000128       0x18 contiki-sky.a(autostart.o)
 .debug_aranges
                0x00000140       0x20 contiki-sky.a(memb.o)
 .debug_aranges
                0x00000160       0x24 contiki-sky.a(timer.o)
 .debug_aranges
                0x00000184       0x40 contiki-sky.a(list.o)
 .debug_aranges
                0x000001c4       0x48 contiki-sky.a(etimer.o)
 .debug_aranges
                0x0000020c       0x2c contiki-sky.a(ctimer.o)
 .debug_aranges
                0x00000238       0x24 contiki-sky.a(energest.o)
 .debug_aranges
                0x0000025c       0x1c contiki-sky.a(rtimer.o)
 .debug_aranges
                0x00000278       0x18 contiki-sky.a(random.o)
 .debug_aranges
                0x00000290       0x64 contiki-sky.a(packetbuf.o)
 .debug_aranges
                0x000002f4       0x38 contiki-sky.a(queuebuf.o)
 .debug_aranges
                0x0000032c       0x44 contiki-sky.a(uip6.o)
 .debug_aranges
                0x00000370       0x38 contiki-sky.a(tcpip.o)
 .debug_aranges
                0x000003a8       0x1c contiki-sky.a(uip-icmp6.o)
 .debug_aranges
                0x000003c4       0x20 contiki-sky.a(uip-nd6.o)
 .debug_aranges
                0x000003e4       0x40 contiki-sky.a(sicslowpan.o)
 .debug_aranges
                0x00000424       0x20 contiki-sky.a(neighbor-info.o)
 .debug_aranges
                0x00000444       0x98 contiki-sky.a(uip-ds6.o)
 .debug_aranges
                0x000004dc       0x2c contiki-sky.a(er-coap-07-engi)
 .debug_aranges
                0x00000508       0xd8 contiki-sky.a(er-coap-07.o)
 .debug_aranges
                0x000005e0       0x28 contiki-sky.a(er-coap-07-tran)
 .debug_aranges
                0x00000608       0x30 contiki-sky.a(er-coap-07-obse)
 .debug_aranges
                0x00000638       0x40 contiki-sky.a(erbium.o)
 .debug_aranges
                0x00000678       0x14 contiki-sky.a(contiki-sky-pla)
 .debug_aranges
                0x0000068c       0x20 contiki-sky.a(button-sensor.o)
 .debug_aranges
                0x000006ac       0x1c contiki-sky.a(ds2411.o)
 .debug_aranges
                0x000006c8       0x28 contiki-sky.a(xmem.o)
 .debug_aranges
                0x000006f0       0x18 contiki-sky.a(node-id.o)
 .debug_aranges
                0x00000708       0x28 contiki-sky.a(sensors.o)
 .debug_aranges
                0x00000730       0x88 contiki-sky.a(cc2420.o)
 .debug_aranges
                0x000007b8       0x18 contiki-sky.a(cc2420-arch.o)
 .debug_aranges
                0x000007d0       0x24 contiki-sky.a(uart1.o)
 .debug_aranges
                0x000007f4       0x14 contiki-sky.a(uart1-putchar.o)
 .debug_aranges
                0x00000808       0x2c contiki-sky.a(msp430.o)
 .debug_aranges
                0x00000834       0x3c contiki-sky.a(clock.o)
 .debug_aranges
                0x00000870       0x30 contiki-sky.a(leds.o)
 .debug_aranges
                0x000008a0       0x1c contiki-sky.a(leds-arch.o)
 .debug_aranges
                0x000008bc       0x28 contiki-sky.a(watchdog.o)
 .debug_aranges
                0x000008e4       0x20 contiki-sky.a(rtimer-arch.o)
 .debug_aranges
                0x00000904       0x20 contiki-sky.a(frame802154.o)
 .debug_aranges
                0x00000924       0x2c contiki-sky.a(rpl.o)
 .debug_aranges
                0x00000950       0x90 contiki-sky.a(rpl-dag.o)
 .debug_aranges
                0x000009e0       0x34 contiki-sky.a(rpl-icmp6.o)
 .debug_aranges
                0x00000a14       0x2c contiki-sky.a(rpl-timers.o)
 .debug_aranges
                0x00000a40       0x2c contiki-sky.a(rpl-of-etx.o)
 .debug_aranges
                0x00000a6c       0x24 contiki-sky.a(rpl-ext-header.)
 .debug_aranges
                0x00000a90       0x28 contiki-sky.a(stimer.o)
 .debug_aranges
                0x00000ab8       0x18 contiki-sky.a(uip-udp-packet.)
 .debug_aranges
                0x00000ad0       0x44 contiki-sky.a(neighbor-attr.o)
 .debug_aranges
                0x00000b14       0x14 contiki-sky.a(spi.o)
 .debug_aranges
                0x00000b28       0x14 /usr/lib/gcc/msp430/4.5.3/mmpy-16/libgcc.a(_mulsi3.o)
 .debug_aranges
                0x00000b3c       0x14 /usr/lib/gcc/msp430/4.5.3/mmpy-16/libgcc.a(_udivmodhi4.o)
 .debug_aranges
                0x00000b50       0x14 /usr/lib/gcc/msp430/4.5.3/mmpy-16/libgcc.a(_divmodhi4.o)
 .debug_aranges
                0x00000b64       0x14 /usr/lib/gcc/msp430/4.5.3/mmpy-16/libgcc.a(_udivmodsi4.o)
 .debug_aranges
                0x00000b78       0x14 /usr/lib/gcc/msp430/4.5.3/../../../../msp430/lib/mmpy-16/libc.a(strchr.o)
 .debug_aranges
                0x00000b8c       0x14 /usr/lib/gcc/msp430/4.5.3/../../../../msp430/lib/mmpy-16/libc.a(memchr.o)
 .debug_aranges
                0x00000ba0       0x14 /usr/lib/gcc/msp430/4.5.3/../../../../msp430/lib/mmpy-16/libc.a(strncmp.o)
 .debug_aranges
                0x00000bb4       0x14 /usr/lib/gcc/msp430/4.5.3/../../../../msp430/lib/mmpy-16/libc.a(memcmp.o)
 .debug_aranges
                0x00000bc8       0x14 /usr/lib/gcc/msp430/4.5.3/../../../../msp430/lib/mmpy-16/libc.a(memcpy.o)
 .debug_aranges
                0x00000bdc       0x14 /usr/lib/gcc/msp430/4.5.3/../../../../msp430/lib/mmpy-16/libc.a(memmove.o)
 .debug_aranges
                0x00000bf0       0x14 /usr/lib/gcc/msp430/4.5.3/../../../../msp430/lib/mmpy-16/libc.a(memset.o)
 .debug_aranges
                0x00000c04       0x14 /usr/lib/gcc/msp430/4.5.3/../../../../msp430/lib/mmpy-16/libc.a(strstr.o)
 .debug_aranges
                0x00000c18       0x14 /usr/lib/gcc/msp430/4.5.3/../../../../msp430/lib/mmpy-16/libc.a(strcat.o)
 .debug_aranges
                0x00000c2c       0x14 /usr/lib/gcc/msp430/4.5.3/../../../../msp430/lib/mmpy-16/libc.a(atoi.o)
 .debug_aranges
                0x00000c40       0x14 /usr/lib/gcc/msp430/4.5.3/../../../../msp430/lib/mmpy-16/libc.a(printf.o)
 .debug_aranges
                0x00000c54       0x14 /usr/lib/gcc/msp430/4.5.3/../../../../msp430/lib/mmpy-16/libc.a(sprintf.o)
 .debug_aranges
                0x00000c68       0x14 /usr/lib/gcc/msp430/4.5.3/../../../../msp430/lib/mmpy-16/libc.a(vuprintf.o)
 .debug_aranges
                0x00000c7c       0x14 /usr/lib/gcc/msp430/4.5.3/../../../../msp430/lib/mmpy-16/libc.a(puts.o)
 .debug_aranges
                0x00000c90       0x14 /usr/lib/gcc/msp430/4.5.3/../../../../msp430/lib/mmpy-16/libc.a(rand.o)
 .debug_aranges
                0x00000ca4       0x14 /usr/lib/gcc/msp430/4.5.3/mmpy-16/libcrt0.a(__init_stack.o)
 .debug_aranges
                0x00000cb8       0x14 /usr/lib/gcc/msp430/4.5.3/mmpy-16/libcrt0.a(__low_level_init.o)
 .debug_aranges
                0x00000ccc       0x14 /usr/lib/gcc/msp430/4.5.3/mmpy-16/libcrt0.a(_copy_data.o)
 .debug_aranges
                0x00000ce0       0x14 /usr/lib/gcc/msp430/4.5.3/mmpy-16/libcrt0.a(_clear_bss.o)
 .debug_aranges
                0x00000cf4       0x14 /usr/lib/gcc/msp430/4.5.3/mmpy-16/libcrt0.a(_endless_loop__.o)
 .debug_aranges
                0x00000d08       0x14 /usr/lib/gcc/msp430/4.5.3/mmpy-16/libcrt0.a(_unexpected_.o)

.debug_pubnames
                0x00000000     0x2dda
 *(.debug_pubnames)
 .debug_pubnames
                0x00000000      0x17b preco.co
 .debug_pubnames
                0x0000017b       0x27 obj_sky/contiki-sky-main.o
 .debug_pubnames
                0x000001a2       0x79 contiki-sky.a(rimeaddr.o)
 .debug_pubnames
                0x0000021b       0x25 contiki-sky.a(nullrdc.o)
 .debug_pubnames
                0x00000240       0x2d contiki-sky.a(mac.o)
 .debug_pubnames
                0x0000026d       0x24 contiki-sky.a(framer-802154.o)
 .debug_pubnames
                0x00000291       0x22 contiki-sky.a(csma.o)
 .debug_pubnames
                0x000002b3      0x10d contiki-sky.a(process.o)
 .debug_pubnames
                0x000003c0       0x39 contiki-sky.a(autostart.o)
 .debug_pubnames
                0x000003f9       0x4d contiki-sky.a(memb.o)
 .debug_pubnames
                0x00000446       0x68 contiki-sky.a(timer.o)
 .debug_pubnames
                0x000004ae       0xc3 contiki-sky.a(list.o)
 .debug_pubnames
                0x00000571      0x109 contiki-sky.a(etimer.o)
 .debug_pubnames
                0x0000067a       0x8b contiki-sky.a(ctimer.o)
 .debug_pubnames
                0x00000705       0xec contiki-sky.a(energest.o)
 .debug_pubnames
                0x000007f1       0x45 contiki-sky.a(rtimer.o)
 .debug_pubnames
                0x00000836       0x32 contiki-sky.a(random.o)
 .debug_pubnames
                0x00000868      0x22c contiki-sky.a(packetbuf.o)
 .debug_pubnames
                0x00000a94       0xff contiki-sky.a(queuebuf.o)
 .debug_pubnames
                0x00000b93      0x196 contiki-sky.a(uip6.o)
 .debug_pubnames
                0x00000d29       0xda contiki-sky.a(tcpip.o)
 .debug_pubnames
                0x00000e03       0x61 contiki-sky.a(uip-icmp6.o)
 .debug_pubnames
                0x00000e64       0x52 contiki-sky.a(uip-nd6.o)
 .debug_pubnames
                0x00000eb6       0xb4 contiki-sky.a(sicslowpan.o)
 .debug_pubnames
                0x00000f6a       0xab contiki-sky.a(neighbor-info.o)
 .debug_pubnames
                0x00001015      0x403 contiki-sky.a(uip-ds6.o)
 .debug_pubnames
                0x00001418      0x105 contiki-sky.a(er-coap-07-engi)
 .debug_pubnames
                0x0000151d      0x4ed contiki-sky.a(er-coap-07.o)
 .debug_pubnames
                0x00001a0a       0xc5 contiki-sky.a(er-coap-07-tran)
 .debug_pubnames
                0x00001acf       0xf9 contiki-sky.a(er-coap-07-obse)
 .debug_pubnames
                0x00001bc8      0x153 contiki-sky.a(erbium.o)
 .debug_pubnames
                0x00001d1b       0x42 contiki-sky.a(contiki-sky-pla)
 .debug_pubnames
                0x00001d5d       0x2f contiki-sky.a(button-sensor.o)
 .debug_pubnames
                0x00001d8c       0x30 contiki-sky.a(ds2411.o)
 .debug_pubnames
                0x00001dbc       0x4e contiki-sky.a(xmem.o)
 .debug_pubnames
                0x00001e0a       0x43 contiki-sky.a(node-id.o)
 .debug_pubnames
                0x00001e4d       0x80 contiki-sky.a(sensors.o)
 .debug_pubnames
                0x00001ecd      0x236 contiki-sky.a(cc2420.o)
 .debug_pubnames
                0x00002103       0x42 contiki-sky.a(cc2420-arch.o)
 .debug_pubnames
                0x00002145       0x57 contiki-sky.a(uart1.o)
 .debug_pubnames
                0x0000219c       0x1e contiki-sky.a(uart1-putchar.o)
 .debug_pubnames
                0x000021ba       0xad contiki-sky.a(msp430.o)
 .debug_pubnames
                0x00002267       0xc5 contiki-sky.a(clock.o)
 .debug_pubnames
                0x0000232c       0x75 contiki-sky.a(leds.o)
 .debug_pubnames
                0x000023a1       0x49 contiki-sky.a(leds-arch.o)
 .debug_pubnames
                0x000023ea       0x8a contiki-sky.a(watchdog.o)
 .debug_pubnames
                0x00002474       0x60 contiki-sky.a(rtimer-arch.o)
 .debug_pubnames
                0x000024d4       0x20 contiki-sky.a(rimestats.o)
 .debug_pubnames
                0x000024f4       0x56 contiki-sky.a(frame802154.o)
 .debug_pubnames
                0x0000254a       0x9c contiki-sky.a(rpl.o)
 .debug_pubnames
                0x000025e6      0x265 contiki-sky.a(rpl-dag.o)
 .debug_pubnames
                0x0000284b       0x64 contiki-sky.a(rpl-icmp6.o)
 .debug_pubnames
                0x000028af       0x5c contiki-sky.a(rpl-timers.o)
 .debug_pubnames
                0x0000290b       0x21 contiki-sky.a(rpl-of-etx.o)
 .debug_pubnames
                0x0000292c       0x8c contiki-sky.a(rpl-ext-header.)
 .debug_pubnames
                0x000029b8       0x80 contiki-sky.a(stimer.o)
 .debug_pubnames
                0x00002a38       0x44 contiki-sky.a(uip-udp-packet.)
 .debug_pubnames
                0x00002a7c      0x137 contiki-sky.a(neighbor-attr.o)
 .debug_pubnames
                0x00002bb3       0x2c contiki-sky.a(spi.o)
 .debug_pubnames
                0x00002bdf       0x1d /usr/lib/gcc/msp430/4.5.3/../../../../msp430/lib/mmpy-16/libc.a(strchr.o)
 .debug_pubnames
                0x00002bfc       0x1d /usr/lib/gcc/msp430/4.5.3/../../../../msp430/lib/mmpy-16/libc.a(memchr.o)
 .debug_pubnames
                0x00002c19       0x1e /usr/lib/gcc/msp430/4.5.3/../../../../msp430/lib/mmpy-16/libc.a(strncmp.o)
 .debug_pubnames
                0x00002c37       0x1d /usr/lib/gcc/msp430/4.5.3/../../../../msp430/lib/mmpy-16/libc.a(memcmp.o)
 .debug_pubnames
                0x00002c54       0x1d /usr/lib/gcc/msp430/4.5.3/../../../../msp430/lib/mmpy-16/libc.a(memcpy.o)
 .debug_pubnames
                0x00002c71       0x1e /usr/lib/gcc/msp430/4.5.3/../../../../msp430/lib/mmpy-16/libc.a(memmove.o)
 .debug_pubnames
                0x00002c8f       0x1d /usr/lib/gcc/msp430/4.5.3/../../../../msp430/lib/mmpy-16/libc.a(memset.o)
 .debug_pubnames
                0x00002cac       0x1d /usr/lib/gcc/msp430/4.5.3/../../../../msp430/lib/mmpy-16/libc.a(strstr.o)
 .debug_pubnames
                0x00002cc9       0x1d /usr/lib/gcc/msp430/4.5.3/../../../../msp430/lib/mmpy-16/libc.a(strcat.o)
 .debug_pubnames
                0x00002ce6       0x1b /usr/lib/gcc/msp430/4.5.3/../../../../msp430/lib/mmpy-16/libc.a(atoi.o)
 .debug_pubnames
                0x00002d01       0x29 /usr/lib/gcc/msp430/4.5.3/../../../../msp430/lib/mmpy-16/libc.a(printf.o)
 .debug_pubnames